Archive member included because of file (symbol)

c:/program files (x86)/microchip/xc32/v1.34/bin/bin/../../lib/gcc/pic32mx/4.5.2/../../../../pic32mx/lib/speed/mips16\libsupc++.a(del_op.o)
                              build/default/debug/module/uart.o (operator delete(void*))
c:/program files (x86)/microchip/xc32/v1.34/bin/bin/../../lib/gcc/pic32mx/4.5.2/../../../../pic32mx/lib/speed/mips16\libsupc++.a(eh_personality.o)
                              build/default/debug/module/pwm.o (__gxx_personality_sj0)
c:/program files (x86)/microchip/xc32/v1.34/bin/bin/../../lib/gcc/pic32mx/4.5.2/../../../../pic32mx/lib/speed/mips16\libsupc++.a(eh_terminate.o)
                              c:/program files (x86)/microchip/xc32/v1.34/bin/bin/../../lib/gcc/pic32mx/4.5.2/../../../../pic32mx/lib/speed/mips16\libsupc++.a(eh_personality.o) (std::terminate())
c:/program files (x86)/microchip/xc32/v1.34/bin/bin/../../lib/gcc/pic32mx/4.5.2/../../../../pic32mx/lib/speed/mips16\libsupc++.a(eh_throw.o)
                              build/default/debug/module/pwm.o (__cxa_rethrow)
c:/program files (x86)/microchip/xc32/v1.34/bin/bin/../../lib/gcc/pic32mx/4.5.2/../../../../pic32mx/lib/speed/mips16\libsupc++.a(eh_unex_handler.o)
                              c:/program files (x86)/microchip/xc32/v1.34/bin/bin/../../lib/gcc/pic32mx/4.5.2/../../../../pic32mx/lib/speed/mips16\libsupc++.a(eh_terminate.o) (__cxxabiv1::__unexpected_handler)
c:/program files (x86)/microchip/xc32/v1.34/bin/bin/../../lib/gcc/pic32mx/4.5.2/../../../../pic32mx/lib/speed/mips16\libsupc++.a(pure.o)
                              build/default/debug/module/pwm.o (__cxa_pure_virtual)
c:/program files (x86)/microchip/xc32/v1.34/bin/bin/../../lib/gcc/pic32mx/4.5.2/../../../../pic32mx/lib/speed/mips16\libsupc++.a(eh_alloc.o)
                              c:/program files (x86)/microchip/xc32/v1.34/bin/bin/../../lib/gcc/pic32mx/4.5.2/../../../../pic32mx/lib/speed/mips16\libsupc++.a(eh_throw.o) (__cxa_free_exception)
c:/program files (x86)/microchip/xc32/v1.34/bin/bin/../../lib/gcc/pic32mx/4.5.2/../../../../pic32mx/lib/speed/mips16\libsupc++.a(eh_call.o)
                              c:/program files (x86)/microchip/xc32/v1.34/bin/bin/../../lib/gcc/pic32mx/4.5.2/../../../../pic32mx/lib/speed/mips16\libsupc++.a(eh_personality.o) (__cxa_call_terminate)
c:/program files (x86)/microchip/xc32/v1.34/bin/bin/../../lib/gcc/pic32mx/4.5.2/../../../../pic32mx/lib/speed/mips16\libsupc++.a(eh_catch.o)
                              c:/program files (x86)/microchip/xc32/v1.34/bin/bin/../../lib/gcc/pic32mx/4.5.2/../../../../pic32mx/lib/speed/mips16\libsupc++.a(eh_personality.o) (__cxa_begin_catch)
c:/program files (x86)/microchip/xc32/v1.34/bin/bin/../../lib/gcc/pic32mx/4.5.2/../../../../pic32mx/lib/speed/mips16\libsupc++.a(eh_exception.o)
                              c:/program files (x86)/microchip/xc32/v1.34/bin/bin/../../lib/gcc/pic32mx/4.5.2/../../../../pic32mx/lib/speed/mips16\libsupc++.a(eh_personality.o) (typeinfo for __cxxabiv1::__foreign_exception)
c:/program files (x86)/microchip/xc32/v1.34/bin/bin/../../lib/gcc/pic32mx/4.5.2/../../../../pic32mx/lib/speed/mips16\libsupc++.a(eh_globals.o)
                              c:/program files (x86)/microchip/xc32/v1.34/bin/bin/../../lib/gcc/pic32mx/4.5.2/../../../../pic32mx/lib/speed/mips16\libsupc++.a(eh_catch.o) (__cxa_get_globals_fast)
c:/program files (x86)/microchip/xc32/v1.34/bin/bin/../../lib/gcc/pic32mx/4.5.2/../../../../pic32mx/lib/speed/mips16\libsupc++.a(eh_term_handler.o)
                              c:/program files (x86)/microchip/xc32/v1.34/bin/bin/../../lib/gcc/pic32mx/4.5.2/../../../../pic32mx/lib/speed/mips16\libsupc++.a(eh_terminate.o) (__cxxabiv1::__terminate_handler)
c:/program files (x86)/microchip/xc32/v1.34/bin/bin/../../lib/gcc/pic32mx/4.5.2/../../../../pic32mx/lib/speed/mips16\libsupc++.a(si_class_type_info.o)
                              c:/program files (x86)/microchip/xc32/v1.34/bin/bin/../../lib/gcc/pic32mx/4.5.2/../../../../pic32mx/lib/speed/mips16\libsupc++.a(eh_exception.o) (vtable for __cxxabiv1::__si_class_type_info)
c:/program files (x86)/microchip/xc32/v1.34/bin/bin/../../lib/gcc/pic32mx/4.5.2/../../../../pic32mx/lib/speed/mips16\libsupc++.a(tinfo.o)
                              c:/program files (x86)/microchip/xc32/v1.34/bin/bin/../../lib/gcc/pic32mx/4.5.2/../../../../pic32mx/lib/speed/mips16\libsupc++.a(si_class_type_info.o) (std::type_info::__is_pointer_p() const)
c:/program files (x86)/microchip/xc32/v1.34/bin/bin/../../lib/gcc/pic32mx/4.5.2/../../../../pic32mx/lib/speed/mips16\libsupc++.a(class_type_info.o)
                              c:/program files (x86)/microchip/xc32/v1.34/bin/bin/../../lib/gcc/pic32mx/4.5.2/../../../../pic32mx/lib/speed/mips16\libsupc++.a(si_class_type_info.o) (__cxxabiv1::__class_type_info::__do_upcast(__cxxabiv1::__class_type_info const*, void**) const)
[...]
Memory Configuration

Name             Origin             Length             Attributes
exception_mem    0x9d000000         0x00000780
kseg0_program_mem 0x9d000780         0x00007880         xr
debug_exec_mem   0x9fc00490         0x00000760
kseg0_boot_mem   0x9fc00490         0x00000000
kseg1_boot_mem   0xbfc00000         0x00000490
config3          0xbfc00bf0         0x00000004
config2          0xbfc00bf4         0x00000004
config1          0xbfc00bf8         0x00000004
config0          0xbfc00bfc         0x00000004
kseg1_data_mem   0xa0000000         0x00002000         w !x
sfrs             0xbf800000         0x00100000
configsfrs       0xbfc00bf0         0x00000010
*default*        0x00000000         0xffffffff

Linker script and memory map

                0x00000001                _DEBUGGER = 0x1
LOAD build/default/debug/module/uart.o
LOAD build/default/debug/module/pwm.o
LOAD build/default/debug/module/dma.o
LOAD build/default/debug/module/adc.o
LOAD build/default/debug/IModule.o
LOAD build/default/debug/tmath/Q16.o
LOAD build/default/debug/tmath/dsp.o
LOAD build/default/debug/tmath/between.o
LOAD build/default/debug/ErrorObject.o
LOAD build/default/debug/config/sys_config.o
LOAD build/default/debug/startup.o
LOAD build/default/debug/Motor.o
                0x00000001                __MPLAB_BUILD = 0x1
                0x00000001                __MPLAB_DEBUG = 0x1
                0x00000001                __DEBUG = 0x1
                0x00000001                __MPLAB_DEBUGGER_SIMULATOR = 0x1
                0x00000200                _min_heap_size = 0x200
LOAD c:/program files (x86)/microchip/xc32/v1.34/bin/bin/../../lib/gcc/pic32mx/4.5.2/../../../../pic32mx/lib/speed/mips16\libsupc++.a
LOAD c:/program files (x86)/microchip/xc32/v1.34/bin/bin/../../lib/gcc/pic32mx/4.5.2/../../../../pic32mx/lib/speed/mips16\libxcpp.a
                0x00000400                PROVIDE (_min_stack_size, 0x400)
LOAD c:/program files (x86)/microchip/xc32/v1.34/bin/bin/../../lib/gcc/pic32mx/4.5.2/../../../../pic32mx/lib/./proc/32MX120F032B\processor.o
START GROUP
LOAD c:/program files (x86)/microchip/xc32/v1.34/bin/bin/../../lib/gcc/pic32mx/4.5.2/../../../../pic32mx/lib/speed/mips16\libmchp_peripheral.a
END GROUP
START GROUP
LOAD c:/program files (x86)/microchip/xc32/v1.34/bin/bin/../../lib/gcc/pic32mx/4.5.2/../../../../pic32mx/lib/speed/mips16\libmchp_peripheral_32MX120F032B.a
END GROUP
                0x00000001                PROVIDE (_vector_spacing, 0x1)
                0x9d000000                _ebase_address = 0x9d000000
                0xbfc00000                _RESET_ADDR = 0xbfc00000
                0xbfc00380                _BEV_EXCPT_ADDR = 0xbfc00380
                0xbfc00480                _DBG_EXCPT_ADDR = 0xbfc00480
                0x9fc00490                _DBG_CODE_ADDR = 0x9fc00490
                0x00000760                _DBG_CODE_SIZE = 0x760
                0x9d000180                _GEN_EXCPT_ADDR = (_ebase_address + 0x180)

.config_BFC00BF0
                0xbfc00bf0        0x4
 *(.config_BFC00BF0)
 .config_BFC00BF0
                0xbfc00bf0        0x4 build/default/debug/config/sys_config.o

.config_BFC00BF4
                0xbfc00bf4        0x4
 *(.config_BFC00BF4)
 .config_BFC00BF4
                0xbfc00bf4        0x4 build/default/debug/config/sys_config.o

.config_BFC00BF8
                0xbfc00bf8        0x4
 *(.config_BFC00BF8)
 .config_BFC00BF8
                0xbfc00bf8        0x4 build/default/debug/config/sys_config.o

.config_BFC00BFC
                0xbfc00bfc        0x4
 *(.config_BFC00BFC)
 .config_BFC00BFC
                0xbfc00bfc        0x4 build/default/debug/config/sys_config.o
                0xbfc02000                PROVIDE (_DBG_CODE_ADDR, 0xbfc02000)
                0x00000ff0                PROVIDE (_DBG_CODE_SIZE, 0xff0)

.reset
 *(.reset)
 *(.reset.startup)

.bev_excpt
 *(.bev_handler)

.dbg_excpt      0xbfc00480        0x8
                0xbfc00480                . = (. + DEFINED (_DEBUGGER)?0x8:0x0)
 *fill*         0xbfc00480        0x8 

.dbg_code       0x9fc00490      0x760
                0x9fc00490                . = (. + DEFINED (_DEBUGGER)?_DBG_CODE_SIZE:0x0)
 *fill*         0x9fc00490      0x760 

.app_excpt
 *(.gen_handler)

.vector_0       0x9d000200        0x0
 *(.vector_0)
                0x00000001                ASSERT (((_vector_spacing == 0x0) || (SIZEOF (.vector_0) <= (_vector_spacing << 0x5))), function at exception vector 0 too large)

.vector_1       0x9d000220        0x0
 *(.vector_1)
                0x00000001                ASSERT (((_vector_spacing == 0x0) || (SIZEOF (.vector_1) <= (_vector_spacing << 0x5))), function at exception vector 1 too large)

.vector_2       0x9d000240        0x0
 *(.vector_2)
                0x00000001                ASSERT (((_vector_spacing == 0x0) || (SIZEOF (.vector_2) <= (_vector_spacing << 0x5))), function at exception vector 2 too large)

.vector_3       0x9d000260        0x0
 *(.vector_3)
                0x00000001                ASSERT (((_vector_spacing == 0x0) || (SIZEOF (.vector_3) <= (_vector_spacing << 0x5))), function at exception vector 3 too large)

.vector_4       0x9d000280        0x0
 *(.vector_4)
                0x00000001                ASSERT (((_vector_spacing == 0x0) || (SIZEOF (.vector_4) <= (_vector_spacing << 0x5))), function at exception vector 4 too large)

.vector_5       0x9d0002a0        0x0
 *(.vector_5)
                0x00000001                ASSERT (((_vector_spacing == 0x0) || (SIZEOF (.vector_5) <= (_vector_spacing << 0x5))), function at exception vector 5 too large)

.vector_6       0x9d0002c0        0x0
 *(.vector_6)
                0x00000001                ASSERT (((_vector_spacing == 0x0) || (SIZEOF (.vector_6) <= (_vector_spacing << 0x5))), function at exception vector 6 too large)

.vector_7       0x9d0002e0        0x0
 *(.vector_7)
                0x00000001                ASSERT (((_vector_spacing == 0x0) || (SIZEOF (.vector_7) <= (_vector_spacing << 0x5))), function at exception vector 7 too large)

.vector_8       0x9d000300        0x0
 *(.vector_8)
                0x00000001                ASSERT (((_vector_spacing == 0x0) || (SIZEOF (.vector_8) <= (_vector_spacing << 0x5))), function at exception vector 8 too large)

.vector_9       0x9d000320        0x0
 *(.vector_9)
                0x00000001                ASSERT (((_vector_spacing == 0x0) || (SIZEOF (.vector_9) <= (_vector_spacing << 0x5))), function at exception vector 9 too large)

.vector_10      0x9d000340        0x0
 *(.vector_10)
                0x00000001                ASSERT (((_vector_spacing == 0x0) || (SIZEOF (.vector_10) <= (_vector_spacing << 0x5))), function at exception vector 10 too large)

.vector_11      0x9d000360        0x0
 *(.vector_11)
                0x00000001                ASSERT (((_vector_spacing == 0x0) || (SIZEOF (.vector_11) <= (_vector_spacing << 0x5))), function at exception vector 11 too large)

.vector_12      0x9d000380        0x0
 *(.vector_12)
                0x00000001                ASSERT (((_vector_spacing == 0x0) || (SIZEOF (.vector_12) <= (_vector_spacing << 0x5))), function at exception vector 12 too large)

.vector_13      0x9d0003a0        0x0
 *(.vector_13)
                0x00000001                ASSERT (((_vector_spacing == 0x0) || (SIZEOF (.vector_13) <= (_vector_spacing << 0x5))), function at exception vector 13 too large)

.vector_14      0x9d0003c0        0x0
 *(.vector_14)
                0x00000001                ASSERT (((_vector_spacing == 0x0) || (SIZEOF (.vector_14) <= (_vector_spacing << 0x5))), function at exception vector 14 too large)

.vector_15      0x9d0003e0        0x0
 *(.vector_15)
                0x00000001                ASSERT (((_vector_spacing == 0x0) || (SIZEOF (.vector_15) <= (_vector_spacing << 0x5))), function at exception vector 15 too large)

.vector_16      0x9d000400        0x0
 *(.vector_16)
                0x00000001                ASSERT (((_vector_spacing == 0x0) || (SIZEOF (.vector_16) <= (_vector_spacing << 0x5))), function at exception vector 16 too large)

.vector_17      0x9d000420        0x0
 *(.vector_17)
                0x00000001                ASSERT (((_vector_spacing == 0x0) || (SIZEOF (.vector_17) <= (_vector_spacing << 0x5))), function at exception vector 17 too large)

.vector_18      0x9d000440        0x0
 *(.vector_18)
                0x00000001                ASSERT (((_vector_spacing == 0x0) || (SIZEOF (.vector_18) <= (_vector_spacing << 0x5))), function at exception vector 18 too large)

.vector_19      0x9d000460        0x0
 *(.vector_19)
                0x00000001                ASSERT (((_vector_spacing == 0x0) || (SIZEOF (.vector_19) <= (_vector_spacing << 0x5))), function at exception vector 19 too large)

.vector_20      0x9d000480        0x0
 *(.vector_20)
                0x00000001                ASSERT (((_vector_spacing == 0x0) || (SIZEOF (.vector_20) <= (_vector_spacing << 0x5))), function at exception vector 20 too large)

.vector_21      0x9d0004a0        0x0
 *(.vector_21)
                0x00000001                ASSERT (((_vector_spacing == 0x0) || (SIZEOF (.vector_21) <= (_vector_spacing << 0x5))), function at exception vector 21 too large)

.vector_22      0x9d0004c0        0x0
 *(.vector_22)
                0x00000001                ASSERT (((_vector_spacing == 0x0) || (SIZEOF (.vector_22) <= (_vector_spacing << 0x5))), function at exception vector 22 too large)

.vector_23      0x9d0004e0        0x0
 *(.vector_23)
                0x00000001                ASSERT (((_vector_spacing == 0x0) || (SIZEOF (.vector_23) <= (_vector_spacing << 0x5))), function at exception vector 23 too large)

.vector_24      0x9d000500        0x0
 *(.vector_24)
                0x00000001                ASSERT (((_vector_spacing == 0x0) || (SIZEOF (.vector_24) <= (_vector_spacing << 0x5))), function at exception vector 24 too large)

.vector_25      0x9d000520        0x0
 *(.vector_25)
                0x00000001                ASSERT (((_vector_spacing == 0x0) || (SIZEOF (.vector_25) <= (_vector_spacing << 0x5))), function at exception vector 25 too large)

.vector_26      0x9d000540        0x0
 *(.vector_26)
                0x00000001                ASSERT (((_vector_spacing == 0x0) || (SIZEOF (.vector_26) <= (_vector_spacing << 0x5))), function at exception vector 26 too large)

.vector_27      0x9d000560        0x0
 *(.vector_27)
                0x00000001                ASSERT (((_vector_spacing == 0x0) || (SIZEOF (.vector_27) <= (_vector_spacing << 0x5))), function at exception vector 27 too large)

.vector_28      0x9d000580        0x0
 *(.vector_28)
                0x00000001                ASSERT (((_vector_spacing == 0x0) || (SIZEOF (.vector_28) <= (_vector_spacing << 0x5))), function at exception vector 28 too large)

.vector_29      0x9d0005a0        0x0
 *(.vector_29)
                0x00000001                ASSERT (((_vector_spacing == 0x0) || (SIZEOF (.vector_29) <= (_vector_spacing << 0x5))), function at exception vector 29 too large)

.vector_30      0x9d0005c0        0x0
 *(.vector_30)
                0x00000001                ASSERT (((_vector_spacing == 0x0) || (SIZEOF (.vector_30) <= (_vector_spacing << 0x5))), function at exception vector 30 too large)

.vector_31      0x9d0005e0        0x0
 *(.vector_31)
                0x00000001                ASSERT (((_vector_spacing == 0x0) || (SIZEOF (.vector_31) <= (_vector_spacing << 0x5))), function at exception vector 31 too large)

.vector_32      0x9d000600        0x0
 *(.vector_32)
                0x00000001                ASSERT (((_vector_spacing == 0x0) || (SIZEOF (.vector_32) <= (_vector_spacing << 0x5))), function at exception vector 32 too large)

.vector_33      0x9d000620        0x0
 *(.vector_33)
                0x00000001                ASSERT (((_vector_spacing == 0x0) || (SIZEOF (.vector_33) <= (_vector_spacing << 0x5))), function at exception vector 33 too large)

.vector_34      0x9d000640        0x0
 *(.vector_34)
                0x00000001                ASSERT (((_vector_spacing == 0x0) || (SIZEOF (.vector_34) <= (_vector_spacing << 0x5))), function at exception vector 34 too large)

.vector_35      0x9d000660        0x0
 *(.vector_35)
                0x00000001                ASSERT (((_vector_spacing == 0x0) || (SIZEOF (.vector_35) <= (_vector_spacing << 0x5))), function at exception vector 35 too large)

.vector_36      0x9d000680        0x0
 *(.vector_36)
                0x00000001                ASSERT (((_vector_spacing == 0x0) || (SIZEOF (.vector_36) <= (_vector_spacing << 0x5))), function at exception vector 36 too large)

.vector_37      0x9d0006a0        0x0
 *(.vector_37)
                0x00000001                ASSERT (((_vector_spacing == 0x0) || (SIZEOF (.vector_37) <= (_vector_spacing << 0x5))), function at exception vector 37 too large)

.vector_38      0x9d0006c0        0x0
 *(.vector_38)
                0x00000001                ASSERT (((_vector_spacing == 0x0) || (SIZEOF (.vector_38) <= (_vector_spacing << 0x5))), function at exception vector 38 too large)

.vector_39      0x9d0006e0        0x0
 *(.vector_39)
                0x00000001                ASSERT (((_vector_spacing == 0x0) || (SIZEOF (.vector_39) <= (_vector_spacing << 0x5))), function at exception vector 39 too large)

.vector_40      0x9d000700        0x0
 *(.vector_40)
                0x00000001                ASSERT (((_vector_spacing == 0x0) || (SIZEOF (.vector_40) <= (_vector_spacing << 0x5))), function at exception vector 40 too large)

.vector_41      0x9d000720        0x0
 *(.vector_41)
                0x00000001                ASSERT (((_vector_spacing == 0x0) || (SIZEOF (.vector_41) <= (_vector_spacing << 0x5))), function at exception vector 41 too large)

.vector_42      0x9d000740        0x0
 *(.vector_42)
                0x00000001                ASSERT (((_vector_spacing == 0x0) || (SIZEOF (.vector_42) <= (_vector_spacing << 0x5))), function at exception vector 42 too large)

.vector_43      0x9d000760        0x0
 *(.vector_43)
                0x00000001                ASSERT (((_vector_spacing == 0x0) || (SIZEOF (.vector_43) <= (_vector_spacing << 0x5))), function at exception vector 43 too large)

.vector_44      0x9d000780        0x0
 *(.vector_44)
                0x00000001                ASSERT (((_vector_spacing == 0x0) || (SIZEOF (.vector_44) <= (_vector_spacing << 0x5))), function at exception vector 44 too large)

.vector_45      0x9d0007a0        0x0
 *(.vector_45)
                0x00000001                ASSERT (((_vector_spacing == 0x0) || (SIZEOF (.vector_45) <= (_vector_spacing << 0x5))), function at exception vector 45 too large)

.vector_46      0x9d0007c0        0x0
 *(.vector_46)
                0x00000001                ASSERT (((_vector_spacing == 0x0) || (SIZEOF (.vector_46) <= (_vector_spacing << 0x5))), function at exception vector 46 too large)

.vector_47      0x9d0007e0        0x0
 *(.vector_47)
                0x00000001                ASSERT (((_vector_spacing == 0x0) || (SIZEOF (.vector_47) <= (_vector_spacing << 0x5))), function at exception vector 47 too large)

.vector_48      0x9d000800        0x0
 *(.vector_48)
                0x00000001                ASSERT (((_vector_spacing == 0x0) || (SIZEOF (.vector_48) <= (_vector_spacing << 0x5))), function at exception vector 48 too large)

.vector_49      0x9d000820        0x0
 *(.vector_49)
                0x00000001                ASSERT (((_vector_spacing == 0x0) || (SIZEOF (.vector_49) <= (_vector_spacing << 0x5))), function at exception vector 49 too large)

.vector_50      0x9d000840        0x0
 *(.vector_50)
                0x00000001                ASSERT (((_vector_spacing == 0x0) || (SIZEOF (.vector_50) <= (_vector_spacing << 0x5))), function at exception vector 50 too large)

.vector_51      0x9d000860        0x0
 *(.vector_51)
                0x00000001                ASSERT (((_vector_spacing == 0x0) || (SIZEOF (.vector_51) <= (_vector_spacing << 0x5))), function at exception vector 51 too large)

.vector_52      0x9d000880        0x0
 *(.vector_52)
                0x00000001                ASSERT (((_vector_spacing == 0x0) || (SIZEOF (.vector_52) <= (_vector_spacing << 0x5))), function at exception vector 52 too large)

.vector_53      0x9d0008a0        0x0
 *(.vector_53)
                0x00000001                ASSERT (((_vector_spacing == 0x0) || (SIZEOF (.vector_53) <= (_vector_spacing << 0x5))), function at exception vector 53 too large)

.vector_54      0x9d0008c0        0x0
 *(.vector_54)
                0x00000001                ASSERT (((_vector_spacing == 0x0) || (SIZEOF (.vector_54) <= (_vector_spacing << 0x5))), function at exception vector 54 too large)

.vector_55      0x9d0008e0        0x0
 *(.vector_55)
                0x00000001                ASSERT (((_vector_spacing == 0x0) || (SIZEOF (.vector_55) <= (_vector_spacing << 0x5))), function at exception vector 55 too large)

.vector_56      0x9d000900        0x0
 *(.vector_56)
                0x00000001                ASSERT (((_vector_spacing == 0x0) || (SIZEOF (.vector_56) <= (_vector_spacing << 0x5))), function at exception vector 56 too large)

.vector_57      0x9d000920        0x0
 *(.vector_57)
                0x00000001                ASSERT (((_vector_spacing == 0x0) || (SIZEOF (.vector_57) <= (_vector_spacing << 0x5))), function at exception vector 57 too large)

.vector_58      0x9d000940        0x0
 *(.vector_58)
                0x00000001                ASSERT (((_vector_spacing == 0x0) || (SIZEOF (.vector_58) <= (_vector_spacing << 0x5))), function at exception vector 58 too large)

.vector_59      0x9d000960        0x0
 *(.vector_59)
                0x00000001                ASSERT (((_vector_spacing == 0x0) || (SIZEOF (.vector_59) <= (_vector_spacing << 0x5))), function at exception vector 59 too large)

.vector_60      0x9d000980        0x0
 *(.vector_60)
                0x00000001                ASSERT (((_vector_spacing == 0x0) || (SIZEOF (.vector_60) <= (_vector_spacing << 0x5))), function at exception vector 60 too large)

.vector_61      0x9d0009a0        0x0
 *(.vector_61)
                0x00000001                ASSERT (((_vector_spacing == 0x0) || (SIZEOF (.vector_61) <= (_vector_spacing << 0x5))), function at exception vector 61 too large)

.vector_62      0x9d0009c0        0x0
 *(.vector_62)
                0x00000001                ASSERT (((_vector_spacing == 0x0) || (SIZEOF (.vector_62) <= (_vector_spacing << 0x5))), function at exception vector 62 too large)

.vector_63      0x9d0009e0        0x0
 *(.vector_63)
                0x00000001                ASSERT (((_vector_spacing == 0x0) || (SIZEOF (.vector_63) <= (_vector_spacing << 0x5))), function at exception vector 63 too large)

.startup
 *(.startup)

.text           0x9d000780      0x468
 *(.stub .gnu.linkonce.t.*)
 *(.text.*personality*)
 .text.__gxx_personality_sj0
                0x9d000780      0x468 c:/program files (x86)/microchip/xc32/v1.34/bin/bin/../../lib/gcc/pic32mx/4.5.2/../../../../pic32mx/lib/speed/mips16\libsupc++.a(eh_personality.o)
                0x9d000781                __gxx_personality_sj0
 *(.mips16.fn.*)
 *(.mips16.call.*)
 *(.gnu.warning)
                0x9d000be8                . = ALIGN (0x4)

.init           0x9d000be8        0x0
 *crti.o(.init)
 *crtbegin.o(.init)
 *(EXCLUDE_FILE(*crtn.o *crtend?.o *crtend.o) .init)
 *crtend.o(.init)
 *crtn.o(.init)
                0x9d000be8                . = ALIGN (0x4)

.fini           0x9d000be8        0x0
 *(.fini)
                0x9d000be8                . = ALIGN (0x4)

.preinit_array  0x9d000be8        0x0
                0x9d000be8                PROVIDE (__preinit_array_start, .)
 *(.preinit_array)
                0x9d000be8                PROVIDE (__preinit_array_end, .)
                0x9d000be8                . = ALIGN (0x4)

.init_array     0x9d000be8        0x0
                0x9d000be8                PROVIDE (__init_array_start, .)
 *(SORT(.init_array.*))
 *(.init_array)
                0x9d000be8                PROVIDE (__init_array_end, .)
                0x9d000be8                . = ALIGN (0x4)

.fini_array     0x9d000be8        0x0
                0x9d000be8                PROVIDE (__fini_array_start, .)
 *(SORT(.fini_array.*))
 *(.fini_array)
                0x9d000be8                PROVIDE (__fini_array_end, .)
                0x9d000be8                . = ALIGN (0x4)

.ctors          0x9d000be8        0x8
 *crtbegin.o(.ctors)
 *crtbegin?.o(.ctors)
 *(EXCLUDE_FILE(*crtend?.o *crtend.o) .ctors)
 .ctors         0x9d000be8        0x4 build/default/debug/module/pwm.o
 .ctors         0x9d000bec        0x4 c:/program files (x86)/microchip/xc32/v1.34/bin/bin/../../lib/gcc/pic32mx/4.5.2/../../../../pic32mx/lib/speed/mips16\libsupc++.a(eh_alloc.o)
 *(SORT(.ctors.*))
 *(.ctors)
                0x9d000bf0                . = ALIGN (0x4)

.dtors          0x9d000bf0        0x0
 *crtbegin.o(.dtors)
 *crtbegin?.o(.dtors)
 *(EXCLUDE_FILE(*crtend?.o *crtend.o) .dtors)
 *(SORT(.dtors.*))
 *(.dtors)
                0x9d000bf0                . = ALIGN (0x4)

.rodata         0x9d000bf0      0x184
 *(.gnu.linkonce.r.*)
 .gnu.linkonce.r._ZTVN6module5PWM34E
                0x9d000bf0       0x14 build/default/debug/module/pwm.o
                0x9d000bf0                vtable for module::PWM34
 .gnu.linkonce.r._ZTVN6module5PWM12E
                0x9d000c04       0x14 build/default/debug/module/pwm.o
                0x9d000c04                vtable for module::PWM12
 .gnu.linkonce.r._ZTVN6module3PWME
                0x9d000c18       0x14 build/default/debug/module/pwm.o
                0x9d000c18                vtable for module::PWM
 .gnu.linkonce.r._ZTSN10__cxxabiv119__foreign_exceptionE._ZTSN10__cxxabiv119__foreign_exceptionE
                0x9d000c2c       0x24 c:/program files (x86)/microchip/xc32/v1.34/bin/bin/../../lib/gcc/pic32mx/4.5.2/../../../../pic32mx/lib/speed/mips16\libsupc++.a(eh_exception.o)
                0x9d000c2c                typeinfo name for __cxxabiv1::__foreign_exception
 .gnu.linkonce.r._ZTIN10__cxxabiv119__foreign_exceptionE._ZTIN10__cxxabiv119__foreign_exceptionE
                0x9d000c50        0x8 c:/program files (x86)/microchip/xc32/v1.34/bin/bin/../../lib/gcc/pic32mx/4.5.2/../../../../pic32mx/lib/speed/mips16\libsupc++.a(eh_exception.o)
                0x9d000c50                typeinfo for __cxxabiv1::__foreign_exception
 .gnu.linkonce.r._ZTSN10__cxxabiv115__forced_unwindE._ZTSN10__cxxabiv115__forced_unwindE
                0x9d000c58       0x20 c:/program files (x86)/microchip/xc32/v1.34/bin/bin/../../lib/gcc/pic32mx/4.5.2/../../../../pic32mx/lib/speed/mips16\libsupc++.a(eh_exception.o)
                0x9d000c58                typeinfo name for __cxxabiv1::__forced_unwind
 .gnu.linkonce.r._ZTIN10__cxxabiv115__forced_unwindE._ZTIN10__cxxabiv115__forced_unwindE
                0x9d000c78        0x8 c:/program files (x86)/microchip/xc32/v1.34/bin/bin/../../lib/gcc/pic32mx/4.5.2/../../../../pic32mx/lib/speed/mips16\libsupc++.a(eh_exception.o)
                0x9d000c78                typeinfo for __cxxabiv1::__forced_unwind
 .gnu.linkonce.r._ZTVN10__cxxabiv120__si_class_type_infoE._ZTVN10__cxxabiv120__si_class_type_infoE
                0x9d000c80       0x2c c:/program files (x86)/microchip/xc32/v1.34/bin/bin/../../lib/gcc/pic32mx/4.5.2/../../../../pic32mx/lib/speed/mips16\libsupc++.a(si_class_type_info.o)
                0x9d000c80                vtable for __cxxabiv1::__si_class_type_info
 .gnu.linkonce.r._ZTSN10__cxxabiv120__si_class_type_infoE._ZTSN10__cxxabiv120__si_class_type_infoE
                0x9d000cac       0x28 c:/program files (x86)/microchip/xc32/v1.34/bin/bin/../../lib/gcc/pic32mx/4.5.2/../../../../pic32mx/lib/speed/mips16\libsupc++.a(si_class_type_info.o)
                0x9d000cac                typeinfo name for __cxxabiv1::__si_class_type_info
 .gnu.linkonce.r._ZTIN10__cxxabiv120__si_class_type_infoE._ZTIN10__cxxabiv120__si_class_type_infoE
                0x9d000cd4        0xc c:/program files (x86)/microchip/xc32/v1.34/bin/bin/../../lib/gcc/pic32mx/4.5.2/../../../../pic32mx/lib/speed/mips16\libsupc++.a(si_class_type_info.o)
                0x9d000cd4                typeinfo for __cxxabiv1::__si_class_type_info
 .gnu.linkonce.r._ZTVSt9type_info._ZTVSt9type_info
                0x9d000ce0       0x20 c:/program files (x86)/microchip/xc32/v1.34/bin/bin/../../lib/gcc/pic32mx/4.5.2/../../../../pic32mx/lib/speed/mips16\libsupc++.a(tinfo.o)
                0x9d000ce0                vtable for std::type_info
 .gnu.linkonce.r._ZTSSt9type_info._ZTSSt9type_info
                0x9d000d00       0x10 c:/program files (x86)/microchip/xc32/v1.34/bin/bin/../../lib/gcc/pic32mx/4.5.2/../../../../pic32mx/lib/speed/mips16\libsupc++.a(tinfo.o)
                0x9d000d00                typeinfo name for std::type_info
 .gnu.linkonce.r._ZTISt9type_info._ZTISt9type_info
                0x9d000d10        0x8 c:/program files (x86)/microchip/xc32/v1.34/bin/bin/../../lib/gcc/pic32mx/4.5.2/../../../../pic32mx/lib/speed/mips16\libsupc++.a(tinfo.o)
                0x9d000d10                typeinfo for std::type_info
 .gnu.linkonce.r._ZTVN10__cxxabiv117__class_type_infoE._ZTVN10__cxxabiv117__class_type_infoE
                0x9d000d18       0x2c c:/program files (x86)/microchip/xc32/v1.34/bin/bin/../../lib/gcc/pic32mx/4.5.2/../../../../pic32mx/lib/speed/mips16\libsupc++.a(class_type_info.o)
                0x9d000d18                vtable for __cxxabiv1::__class_type_info
 .gnu.linkonce.r._ZTSN10__cxxabiv117__class_type_infoE._ZTSN10__cxxabiv117__class_type_infoE
                0x9d000d44       0x24 c:/program files (x86)/microchip/xc32/v1.34/bin/bin/../../lib/gcc/pic32mx/4.5.2/../../../../pic32mx/lib/speed/mips16\libsupc++.a(class_type_info.o)
                0x9d000d44                typeinfo name for __cxxabiv1::__class_type_info
 .gnu.linkonce.r._ZTIN10__cxxabiv117__class_type_infoE._ZTIN10__cxxabiv117__class_type_infoE
                0x9d000d68        0xc c:/program files (x86)/microchip/xc32/v1.34/bin/bin/../../lib/gcc/pic32mx/4.5.2/../../../../pic32mx/lib/speed/mips16\libsupc++.a(class_type_info.o)
                0x9d000d68                typeinfo for __cxxabiv1::__class_type_info
 *(.rodata1)
                0x9d000d74                . = ALIGN (0x4)

.sdata2         0x9d000d74        0x0
 *(.sdata2 .sdata2.* .gnu.linkonce.s2.*)
                0x9d000d74                . = ALIGN (0x4)

.sbss2          0x9d000d74        0x0
 *(.sbss2 .sbss2.* .gnu.linkonce.sb2.*)
                0x9d000d74                . = ALIGN (0x4)

.eh_frame_hdr
 *(.eh_frame_hdr)
                0x9d000d74                . = ALIGN (0x4)

.eh_frame
 *(.eh_frame)
                0x9d000d74                . = ALIGN (0x4)

.gcc_except_table
 *(.gcc_except_table .gcc_except_table.*)
                0x9d000d74                . = ALIGN (0x4)

.dbg_data       0xa0000000      0x200
                0xa0000000                . = (. + DEFINED (_DEBUGGER)?0x200:0x0)
 *fill*         0xa0000000      0x200 

.jcr            0xa0000200        0x0
 *(.jcr)
                0xa0000200                . = ALIGN (0x4)

.eh_frame
 *(.eh_frame)
                0xa0000200                . = ALIGN (0x4)

.gcc_except_table
                0xa0000200       0x18
 *(.gcc_except_table .gcc_except_table.*)
 .gcc_except_table
                0xa0000200       0x18 build/default/debug/module/pwm.o
                0xa0000218                . = ALIGN (0x4)

.persist        0xa0000218        0x0
                0xa0000218                _persist_begin = .
 *(.persist .persist.*)
 *(.pbss .pbss.*)
                0xa0000218                . = ALIGN (0x4)
                0xa0000218                _persist_end = .

.data           0xa0000218        0x0
 *(.gnu.linkonce.d.*)
 *(.data1)
                0xa0000218                . = ALIGN (0x4)
                0xa0000218                . = .
                0xa0008210                _gp = (ALIGN (0x10) + 0x7ff0)

.got            0xa0000218        0x0
 *(.got.plt)
 *(.got)
                0xa0000218                . = ALIGN (0x4)

.sdata          0xa0000218       0x14
                0xa0000218                _sdata_begin = .
 *(.sdata .sdata.* .gnu.linkonce.s.*)
 .sdata._ZN10__cxxabiv120__unexpected_handlerE.__unexpected_handler
                0xa0000218        0x4 c:/program files (x86)/microchip/xc32/v1.34/bin/bin/../../lib/gcc/pic32mx/4.5.2/../../../../pic32mx/lib/speed/mips16\libsupc++.a(eh_unex_handler.o)
                0xa0000218                __cxxabiv1::__unexpected_handler
 .sdata._ZN10__cxxabiv119__terminate_handlerE.__terminate_handler
                0xa000021c        0x4 c:/program files (x86)/microchip/xc32/v1.34/bin/bin/../../lib/gcc/pic32mx/4.5.2/../../../../pic32mx/lib/speed/mips16\libsupc++.a(eh_term_handler.o)
                0xa000021c                __cxxabiv1::__terminate_handler
 .sdata         0xa0000220        0x8 c:/program files (x86)/microchip/xc32/v1.34/bin/bin/../../lib/gcc/pic32mx/4.5.2/../../../../pic32mx/lib/speed/mips16\libxcpp.a(exit.o)
                0xa0000220                _Atfuns
                0xa0000224                _Atcount
 .sdata         0xa0000228        0x4 c:/program files (x86)/microchip/xc32/v1.34/bin/bin/../../lib/gcc/pic32mx/4.5.2/../../../../pic32mx/lib/speed/mips16\libxcpp.a(malloc.o)
                0xa0000228                _Size_block
                0xa000022c                . = ALIGN (0x4)
                0xa000022c                _sdata_end = .

.lit8
 *(.lit8)

.lit4
 *(.lit4)
                0xa000022c                . = ALIGN (0x4)
                0xa000022c                _data_end = .
                0xa000022c                _bss_begin = .

.sbss           0xa000022c       0x38
                0xa000022c                _sbss_begin = .
 *(.dynsbss)
 *(.sbss .sbss.* .gnu.linkonce.sb.*)
 .sbss          0xa000022c        0x1 build/default/debug/module/uart.o
                0xa000022c                module::UART1::IsInitialized
 *fill*         0xa000022d        0x3 
 .sbss          0xa0000230        0x8 build/default/debug/module/pwm.o
                0xa0000230                module::PWM::RangeDefault
                0xa0000234                module::PWM::TimerMax
                0xa0000236                module::PWM::IsInitialized
 .sbss          0xa0000238        0x1 build/default/debug/module/adc.o
                0xa0000238                module::ADC::IsInitialized
 *fill*         0xa0000239        0x3 
 .sbss._ZL15dependents_used.dependents_used
                0xa000023c        0x4 c:/program files (x86)/microchip/xc32/v1.34/bin/bin/../../lib/gcc/pic32mx/4.5.2/../../../../pic32mx/lib/speed/mips16\libsupc++.a(eh_alloc.o)
 .sbss._ZL14emergency_used.emergency_used
                0xa0000240        0x4 c:/program files (x86)/microchip/xc32/v1.34/bin/bin/../../lib/gcc/pic32mx/4.5.2/../../../../pic32mx/lib/speed/mips16\libsupc++.a(eh_alloc.o)
 .sbss._ZL10eh_globals.eh_globals
                0xa0000244        0x8 c:/program files (x86)/microchip/xc32/v1.34/bin/bin/../../lib/gcc/pic32mx/4.5.2/../../../../pic32mx/lib/speed/mips16\libsupc++.a(eh_globals.o)
 .sbss          0xa000024c        0x4 c:/program files (x86)/microchip/xc32/v1.34/bin/bin/../../lib/gcc/pic32mx/4.5.2/../../../../pic32mx/lib/speed/mips16\libxcpp.a(exit.o)
                0xa000024c                _Atcount0
 .sbss          0xa0000250        0x8 c:/program files (x86)/microchip/xc32/v1.34/bin/bin/../../lib/gcc/pic32mx/4.5.2/../../../../pic32mx/lib/speed/mips16\libxcpp.a(malloc.o)
                0xa0000250                _Aldata
 .sbss          0xa0000258        0x8 c:/program files (x86)/microchip/xc32/v1.34/bin/bin/../../lib/gcc/pic32mx/4.5.2/../../../../pic32mx/lib/speed/mips16\libpic32.a(sbrk.o)
                0xa0000258                _minbrk
                0xa000025c                _maxbrk
 .sbss          0xa0000260        0x4 c:/program files (x86)/microchip/xc32/v1.34/bin/bin/../../lib/gcc/pic32mx/4.5.2/../../../../pic32mx/lib/speed/mips16\libpic32.a(errno.o)
                0xa0000260                errno
 *(.scommon)
                0xa0000264                _sbss_end = .
                0xa0000264                . = ALIGN (0x4)

.bss            0xa0000264        0x0
 *(.dynbss)
 *(COMMON)
                0xa0000264                . = ALIGN ((. != 0x0)?0x4:0x1)
                0xa0000264                . = ALIGN (0x4)
                0xa0000264                _end = .
                0xa0000264                _bss_end = .
                0x00002000                _bmxdudba_address = 0x2000
                0x00002000                _bmxdupba_address = 0x2000

/DISCARD/
 *(.pdr)
 *(.rel.dyn)
 *(.note.GNU-stack)
 *(.note.GNU-stack)
 *(.gnu_debuglink)
 *(.gnu.lto_*)
 *(.discard)

.gptab.sdata
 *(.gptab.data)
 *(.gptab.sdata)

.gptab.sbss
 *(.gptab.bss)
 *(.gptab.sbss)

.mdebug.abi32   0xa0000264        0x0
 *(.mdebug.abi32)
 .mdebug.abi32  0xa0000264        0x0 build/default/debug/module/uart.o
 .mdebug.abi32  0xa0000264        0x0 build/default/debug/module/pwm.o
 .mdebug.abi32  0xa0000264        0x0 build/default/debug/module/dma.o
 .mdebug.abi32  0xa0000264        0x0 build/default/debug/module/adc.o
 .mdebug.abi32  0xa0000264        0x0 build/default/debug/IModule.o
 .mdebug.abi32  0xa0000264        0x0 build/default/debug/tmath/Q16.o
 .mdebug.abi32  0xa0000264        0x0 build/default/debug/tmath/dsp.o
 .mdebug.abi32  0xa0000264        0x0 build/default/debug/tmath/between.o
 .mdebug.abi32  0xa0000264        0x0 build/default/debug/ErrorObject.o
 .mdebug.abi32  0xa0000264        0x0 build/default/debug/config/sys_config.o
 .mdebug.abi32  0xa0000264        0x0 build/default/debug/startup.o
 .mdebug.abi32  0xa0000264        0x0 build/default/debug/Motor.o
 .mdebug.abi32  0xa0000264        0x0 c:/program files (x86)/microchip/xc32/v1.34/bin/bin/../../lib/gcc/pic32mx/4.5.2/../../../../pic32mx/lib/speed/mips16\libsupc++.a(del_op.o)
 .mdebug.abi32  0xa0000264        0x0 c:/program files (x86)/microchip/xc32/v1.34/bin/bin/../../lib/gcc/pic32mx/4.5.2/../../../../pic32mx/lib/speed/mips16\libsupc++.a(eh_personality.o)
 .mdebug.abi32  0xa0000264        0x0 c:/program files (x86)/microchip/xc32/v1.34/bin/bin/../../lib/gcc/pic32mx/4.5.2/../../../../pic32mx/lib/speed/mips16\libsupc++.a(eh_terminate.o)
 .mdebug.abi32  0xa0000264        0x0 c:/program files (x86)/microchip/xc32/v1.34/bin/bin/../../lib/gcc/pic32mx/4.5.2/../../../../pic32mx/lib/speed/mips16\libsupc++.a(eh_throw.o)
 .mdebug.abi32  0xa0000264        0x0 c:/program files (x86)/microchip/xc32/v1.34/bin/bin/../../lib/gcc/pic32mx/4.5.2/../../../../pic32mx/lib/speed/mips16\libsupc++.a(eh_unex_handler.o)
 .mdebug.abi32  0xa0000264        0x0 c:/program files (x86)/microchip/xc32/v1.34/bin/bin/../../lib/gcc/pic32mx/4.5.2/../../../../pic32mx/lib/speed/mips16\libsupc++.a(pure.o)
 .mdebug.abi32  0xa0000264        0x0 c:/program files (x86)/microchip/xc32/v1.34/bin/bin/../../lib/gcc/pic32mx/4.5.2/../../../../pic32mx/lib/speed/mips16\libsupc++.a(eh_alloc.o)
 .mdebug.abi32  0xa0000264        0x0 c:/program files (x86)/microchip/xc32/v1.34/bin/bin/../../lib/gcc/pic32mx/4.5.2/../../../../pic32mx/lib/speed/mips16\libsupc++.a(eh_call.o)
 .mdebug.abi32  0xa0000264        0x0 c:/program files (x86)/microchip/xc32/v1.34/bin/bin/../../lib/gcc/pic32mx/4.5.2/../../../../pic32mx/lib/speed/mips16\libsupc++.a(eh_catch.o)
 .mdebug.abi32  0xa0000264        0x0 c:/program files (x86)/microchip/xc32/v1.34/bin/bin/../../lib/gcc/pic32mx/4.5.2/../../../../pic32mx/lib/speed/mips16\libsupc++.a(eh_exception.o)
 .mdebug.abi32  0xa0000264        0x0 c:/program files (x86)/microchip/xc32/v1.34/bin/bin/../../lib/gcc/pic32mx/4.5.2/../../../../pic32mx/lib/speed/mips16\libsupc++.a(eh_globals.o)
 .mdebug.abi32  0xa0000264        0x0 c:/program files (x86)/microchip/xc32/v1.34/bin/bin/../../lib/gcc/pic32mx/4.5.2/../../../../pic32mx/lib/speed/mips16\libsupc++.a(eh_term_handler.o)
 .mdebug.abi32  0xa0000264        0x0 c:/program files (x86)/microchip/xc32/v1.34/bin/bin/../../lib/gcc/pic32mx/4.5.2/../../../../pic32mx/lib/speed/mips16\libsupc++.a(si_class_type_info.o)
 .mdebug.abi32  0xa0000264        0x0 c:/program files (x86)/microchip/xc32/v1.34/bin/bin/../../lib/gcc/pic32mx/4.5.2/../../../../pic32mx/lib/speed/mips16\libsupc++.a(tinfo.o)
 .mdebug.abi32  0xa0000264        0x0 c:/program files (x86)/microchip/xc32/v1.34/bin/bin/../../lib/gcc/pic32mx/4.5.2/../../../../pic32mx/lib/speed/mips16\libsupc++.a(class_type_info.o)
 .mdebug.abi32  0xa0000264        0x0 c:/program files (x86)/microchip/xc32/v1.34/bin/bin/../../lib/gcc/pic32mx/4.5.2/../../../../pic32mx/lib/speed/mips16\libxcpp.a(abort.o)
 .mdebug.abi32  0xa0000264        0x0 c:/program files (x86)/microchip/xc32/v1.34/bin/bin/../../lib/gcc/pic32mx/4.5.2/../../../../pic32mx/lib/speed/mips16\libxcpp.a(exit.o)
 .mdebug.abi32  0xa0000264        0x0 c:/program files (x86)/microchip/xc32/v1.34/bin/bin/../../lib/gcc/pic32mx/4.5.2/../../../../pic32mx/lib/speed/mips16\libxcpp.a(free.o)
 .mdebug.abi32  0xa0000264        0x0 c:/program files (x86)/microchip/xc32/v1.34/bin/bin/../../lib/gcc/pic32mx/4.5.2/../../../../pic32mx/lib/speed/mips16\libxcpp.a(malloc.o)
 .mdebug.abi32  0xa0000264        0x0 c:/program files (x86)/microchip/xc32/v1.34/bin/bin/../../lib/gcc/pic32mx/4.5.2/../../../../pic32mx/lib/speed/mips16\libxcpp.a(memcpy.o)
 .mdebug.abi32  0xa0000264        0x0 c:/program files (x86)/microchip/xc32/v1.34/bin/bin/../../lib/gcc/pic32mx/4.5.2/../../../../pic32mx/lib/speed/mips16\libxcpp.a(memset.o)
 .mdebug.abi32  0xa0000264        0x0 c:/program files (x86)/microchip/xc32/v1.34/bin/bin/../../lib/gcc/pic32mx/4.5.2/../../../../pic32mx/lib/speed/mips16\libxcpp.a(raise.o)
 .mdebug.abi32  0xa0000264        0x0 c:/program files (x86)/microchip/xc32/v1.34/bin/bin/../../lib/gcc/pic32mx/4.5.2/../../../../pic32mx/lib/speed/mips16\libxcpp.a(strcmp.o)
 .mdebug.abi32  0xa0000264        0x0 c:/program files (x86)/microchip/xc32/v1.34/bin/bin/../../lib/gcc/pic32mx/4.5.2/../../../../pic32mx/lib/speed/mips16\libxcpp.a(xexit.o)
 .mdebug.abi32  0xa0000264        0x0 c:/program files (x86)/microchip/xc32/v1.34/bin/bin/../../lib/gcc/pic32mx/4.5.2/../../../../pic32mx/lib/speed/mips16\libxcpp.a(xgetmem.o)
 .mdebug.abi32  0xa0000264        0x0 c:/program files (x86)/microchip/xc32/v1.34/bin/bin/../../lib/gcc/pic32mx/4.5.2/../../../../pic32mx/lib/speed/mips16\libmchp_peripheral_32MX120F032B.a(int_disable_interrupts_lib.o)
 .mdebug.abi32  0xa0000264        0x0 c:/program files (x86)/microchip/xc32/v1.34/bin/bin/../../lib/gcc/pic32mx/4.5.2/../../../../pic32mx/lib/speed/mips16\libmchp_peripheral_32MX120F032B.a(int_restore_interrupts_lib.o)
 .mdebug.abi32  0xa0000264        0x0 c:/program files (x86)/microchip/xc32/v1.34/bin/bin/../../lib/gcc/pic32mx/4.5.2/speed/mips16\libgcc.a(floatunsisf.o)
 .mdebug.abi32  0xa0000264        0x0 c:/program files (x86)/microchip/xc32/v1.34/bin/bin/../../lib/gcc/pic32mx/4.5.2/speed/mips16\libgcc.a(unwind-sjlj.o)
 .mdebug.abi32  0xa0000264        0x0 c:/program files (x86)/microchip/xc32/v1.34/bin/bin/../../lib/gcc/pic32mx/4.5.2/../../../../pic32mx/lib/speed/mips16\libpic32.a(sbrk.o)
 .mdebug.abi32  0xa0000264        0x0 c:/program files (x86)/microchip/xc32/v1.34/bin/bin/../../lib/gcc/pic32mx/4.5.2/../../../../pic32mx/lib/speed/mips16\libpic32.a(_exit.o)
 .mdebug.abi32  0xa0000264        0x0 c:/program files (x86)/microchip/xc32/v1.34/bin/bin/../../lib/gcc/pic32mx/4.5.2/../../../../pic32mx/lib/speed/mips16\libpic32.a(kill.o)
 .mdebug.abi32  0xa0000264        0x0 c:/program files (x86)/microchip/xc32/v1.34/bin/bin/../../lib/gcc/pic32mx/4.5.2/../../../../pic32mx/lib/speed/mips16\libpic32.a(getpid.o)
 .mdebug.abi32  0xa0000264        0x0 c:/program files (x86)/microchip/xc32/v1.34/bin/bin/../../lib/gcc/pic32mx/4.5.2/../../../../pic32mx/lib/speed/mips16\libpic32.a(errno.o)

.mdebug.abiN32
 *(.mdebug.abiN32)

.mdebug.abi64
 *(.mdebug.abi64)

.mdebug.abiO64
 *(.mdebug.abiO64)

.mdebug.eabi32
 *(.mdebug.eabi32)

.mdebug.eabi64
 *(.mdebug.eabi64)

.gcc_compiled_long32
 *(.gcc_compiled_long32)

.gcc_compiled_long64
 *(.gcc_compiled_long64)

.stab
 *(.stab)

.stabstr
 *(.stabstr)

.stab.excl
 *(.stab.excl)

.stab.exclstr
 *(.stab.exclstr)

.stab.index
 *(.stab.index)

.stab.indexstr
 *(.stab.indexstr)

.comment        0x00000000       0xc3
 *(.comment)
 .comment       0x00000000       0x3c build/default/debug/module/uart.o
                                 0x3d (size before relaxing)
 .comment       0x00000000       0x3d build/default/debug/module/pwm.o
 .comment       0x00000000       0x3d build/default/debug/module/dma.o
 .comment       0x00000000       0x3d build/default/debug/module/adc.o
 .comment       0x00000000       0x3d build/default/debug/IModule.o
 .comment       0x00000000       0x3d build/default/debug/tmath/Q16.o
 .comment       0x00000000       0x3d build/default/debug/tmath/dsp.o
 .comment       0x00000000       0x3d build/default/debug/tmath/between.o
 .comment       0x00000000       0x3d build/default/debug/ErrorObject.o
 .comment       0x00000000       0x3d build/default/debug/config/sys_config.o
 .comment       0x00000000       0x3d build/default/debug/startup.o
 .comment       0x00000000       0x3d build/default/debug/Motor.o
 .comment       0x00000000       0x3d c:/program files (x86)/microchip/xc32/v1.34/bin/bin/../../lib/gcc/pic32mx/4.5.2/../../../../pic32mx/lib/speed/mips16\libsupc++.a(del_op.o)
 .comment       0x00000000       0x3d c:/program files (x86)/microchip/xc32/v1.34/bin/bin/../../lib/gcc/pic32mx/4.5.2/../../../../pic32mx/lib/speed/mips16\libsupc++.a(eh_personality.o)
 .comment       0x00000000       0x3d c:/program files (x86)/microchip/xc32/v1.34/bin/bin/../../lib/gcc/pic32mx/4.5.2/../../../../pic32mx/lib/speed/mips16\libsupc++.a(eh_terminate.o)
 .comment       0x00000000       0x3d c:/program files (x86)/microchip/xc32/v1.34/bin/bin/../../lib/gcc/pic32mx/4.5.2/../../../../pic32mx/lib/speed/mips16\libsupc++.a(eh_throw.o)
 .comment       0x00000000       0x3d c:/program files (x86)/microchip/xc32/v1.34/bin/bin/../../lib/gcc/pic32mx/4.5.2/../../../../pic32mx/lib/speed/mips16\libsupc++.a(eh_unex_handler.o)
 .comment       0x00000000       0x3d c:/program files (x86)/microchip/xc32/v1.34/bin/bin/../../lib/gcc/pic32mx/4.5.2/../../../../pic32mx/lib/speed/mips16\libsupc++.a(pure.o)
 .comment       0x00000000       0x3d c:/program files (x86)/microchip/xc32/v1.34/bin/bin/../../lib/gcc/pic32mx/4.5.2/../../../../pic32mx/lib/speed/mips16\libsupc++.a(eh_alloc.o)
 .comment       0x00000000       0x3d c:/program files (x86)/microchip/xc32/v1.34/bin/bin/../../lib/gcc/pic32mx/4.5.2/../../../../pic32mx/lib/speed/mips16\libsupc++.a(eh_call.o)
 .comment       0x00000000       0x3d c:/program files (x86)/microchip/xc32/v1.34/bin/bin/../../lib/gcc/pic32mx/4.5.2/../../../../pic32mx/lib/speed/mips16\libsupc++.a(eh_catch.o)
 .comment       0x00000000       0x3d c:/program files (x86)/microchip/xc32/v1.34/bin/bin/../../lib/gcc/pic32mx/4.5.2/../../../../pic32mx/lib/speed/mips16\libsupc++.a(eh_exception.o)
 .comment       0x00000000       0x3d c:/program files (x86)/microchip/xc32/v1.34/bin/bin/../../lib/gcc/pic32mx/4.5.2/../../../../pic32mx/lib/speed/mips16\libsupc++.a(eh_globals.o)
 .comment       0x00000000       0x3d c:/program files (x86)/microchip/xc32/v1.34/bin/bin/../../lib/gcc/pic32mx/4.5.2/../../../../pic32mx/lib/speed/mips16\libsupc++.a(eh_term_handler.o)
 .comment       0x00000000       0x3d c:/program files (x86)/microchip/xc32/v1.34/bin/bin/../../lib/gcc/pic32mx/4.5.2/../../../../pic32mx/lib/speed/mips16\libsupc++.a(si_class_type_info.o)
 .comment       0x00000000       0x3d c:/program files (x86)/microchip/xc32/v1.34/bin/bin/../../lib/gcc/pic32mx/4.5.2/../../../../pic32mx/lib/speed/mips16\libsupc++.a(tinfo.o)
 .comment       0x00000000       0x3d c:/program files (x86)/microchip/xc32/v1.34/bin/bin/../../lib/gcc/pic32mx/4.5.2/../../../../pic32mx/lib/speed/mips16\libsupc++.a(class_type_info.o)
 .comment       0x00000000       0x3d c:/program files (x86)/microchip/xc32/v1.34/bin/bin/../../lib/gcc/pic32mx/4.5.2/../../../../pic32mx/lib/speed/mips16\libxcpp.a(abort.o)
 .comment       0x00000000       0x3d c:/program files (x86)/microchip/xc32/v1.34/bin/bin/../../lib/gcc/pic32mx/4.5.2/../../../../pic32mx/lib/speed/mips16\libxcpp.a(exit.o)
 .comment       0x00000000       0x3d c:/program files (x86)/microchip/xc32/v1.34/bin/bin/../../lib/gcc/pic32mx/4.5.2/../../../../pic32mx/lib/speed/mips16\libxcpp.a(free.o)
 .comment       0x00000000       0x3d c:/program files (x86)/microchip/xc32/v1.34/bin/bin/../../lib/gcc/pic32mx/4.5.2/../../../../pic32mx/lib/speed/mips16\libxcpp.a(malloc.o)
 .comment       0x00000000       0x3d c:/program files (x86)/microchip/xc32/v1.34/bin/bin/../../lib/gcc/pic32mx/4.5.2/../../../../pic32mx/lib/speed/mips16\libxcpp.a(memcpy.o)
 .comment       0x00000000       0x3d c:/program files (x86)/microchip/xc32/v1.34/bin/bin/../../lib/gcc/pic32mx/4.5.2/../../../../pic32mx/lib/speed/mips16\libxcpp.a(memset.o)
 .comment       0x00000000       0x3d c:/program files (x86)/microchip/xc32/v1.34/bin/bin/../../lib/gcc/pic32mx/4.5.2/../../../../pic32mx/lib/speed/mips16\libxcpp.a(raise.o)
 .comment       0x00000000       0x3d c:/program files (x86)/microchip/xc32/v1.34/bin/bin/../../lib/gcc/pic32mx/4.5.2/../../../../pic32mx/lib/speed/mips16\libxcpp.a(strcmp.o)
 .comment       0x00000000       0x3d c:/program files (x86)/microchip/xc32/v1.34/bin/bin/../../lib/gcc/pic32mx/4.5.2/../../../../pic32mx/lib/speed/mips16\libxcpp.a(xexit.o)
 .comment       0x00000000       0x3d c:/program files (x86)/microchip/xc32/v1.34/bin/bin/../../lib/gcc/pic32mx/4.5.2/../../../../pic32mx/lib/speed/mips16\libxcpp.a(xgetmem.o)
 .comment       0x0000003c       0x3c c:/program files (x86)/microchip/xc32/v1.34/bin/bin/../../lib/gcc/pic32mx/4.5.2/../../../../pic32mx/lib/speed/mips16\libmchp_peripheral_32MX120F032B.a(int_disable_interrupts_lib.o)
                                 0x3d (size before relaxing)
 .comment       0x00000000       0x3d c:/program files (x86)/microchip/xc32/v1.34/bin/bin/../../lib/gcc/pic32mx/4.5.2/../../../../pic32mx/lib/speed/mips16\libmchp_peripheral_32MX120F032B.a(int_restore_interrupts_lib.o)
 .comment       0x00000000       0x3d c:/program files (x86)/microchip/xc32/v1.34/bin/bin/../../lib/gcc/pic32mx/4.5.2/speed/mips16\libgcc.a(floatunsisf.o)
 .comment       0x00000000       0x3d c:/program files (x86)/microchip/xc32/v1.34/bin/bin/../../lib/gcc/pic32mx/4.5.2/speed/mips16\libgcc.a(unwind-sjlj.o)
 .comment       0x00000078       0x4b c:/program files (x86)/microchip/xc32/v1.34/bin/bin/../../lib/gcc/pic32mx/4.5.2/../../../../pic32mx/lib/speed/mips16\libpic32.a(sbrk.o)
                                 0x88 (size before relaxing)
 .comment       0x00000000       0x3d c:/program files (x86)/microchip/xc32/v1.34/bin/bin/../../lib/gcc/pic32mx/4.5.2/../../../../pic32mx/lib/speed/mips16\libpic32.a(_exit.o)
 .comment       0x00000000       0x3d c:/program files (x86)/microchip/xc32/v1.34/bin/bin/../../lib/gcc/pic32mx/4.5.2/../../../../pic32mx/lib/speed/mips16\libpic32.a(kill.o)
 .comment       0x00000000       0x3d c:/program files (x86)/microchip/xc32/v1.34/bin/bin/../../lib/gcc/pic32mx/4.5.2/../../../../pic32mx/lib/speed/mips16\libpic32.a(getpid.o)
 .comment       0x00000000       0x3d c:/program files (x86)/microchip/xc32/v1.34/bin/bin/../../lib/gcc/pic32mx/4.5.2/../../../../pic32mx/lib/speed/mips16\libpic32.a(errno.o)

.debug
 *(.debug)

.line
 *(.line)

.debug_srcinfo
 *(.debug_srcinfo)

.debug_sfnames
 *(.debug_sfnames)

.debug_aranges  0x00000000      0x350
 *(.debug_aranges)
 .debug_aranges
                0x00000000       0x20 build/default/debug/module/uart.o
 .debug_aranges
                0x00000020       0x20 build/default/debug/module/pwm.o
 .debug_aranges
                0x00000040       0x20 build/default/debug/module/adc.o
 .debug_aranges
                0x00000060       0x20 build/default/debug/tmath/Q16.o
 .debug_aranges
                0x00000080       0x20 build/default/debug/config/sys_config.o
 .debug_aranges
                0x000000a0       0x20 build/default/debug/startup.o
 .debug_aranges
                0x000000c0       0x20 build/default/debug/Motor.o
 .debug_aranges
                0x000000e0       0x20 c:/program files (x86)/microchip/xc32/v1.34/bin/bin/../../lib/gcc/pic32mx/4.5.2/../../../../pic32mx/lib/speed/mips16\libxcpp.a(abort.o)
 .debug_aranges
                0x00000100       0x30 c:/program files (x86)/microchip/xc32/v1.34/bin/bin/../../lib/gcc/pic32mx/4.5.2/../../../../pic32mx/lib/speed/mips16\libxcpp.a(exit.o)
 .debug_aranges
                0x00000130       0x20 c:/program files (x86)/microchip/xc32/v1.34/bin/bin/../../lib/gcc/pic32mx/4.5.2/../../../../pic32mx/lib/speed/mips16\libxcpp.a(free.o)
 .debug_aranges
                0x00000150       0x20 c:/program files (x86)/microchip/xc32/v1.34/bin/bin/../../lib/gcc/pic32mx/4.5.2/../../../../pic32mx/lib/speed/mips16\libxcpp.a(malloc.o)
 .debug_aranges
                0x00000170       0x20 c:/program files (x86)/microchip/xc32/v1.34/bin/bin/../../lib/gcc/pic32mx/4.5.2/../../../../pic32mx/lib/speed/mips16\libxcpp.a(memcpy.o)
 .debug_aranges
                0x00000190       0x20 c:/program files (x86)/microchip/xc32/v1.34/bin/bin/../../lib/gcc/pic32mx/4.5.2/../../../../pic32mx/lib/speed/mips16\libxcpp.a(memset.o)
 .debug_aranges
                0x000001b0       0x20 c:/program files (x86)/microchip/xc32/v1.34/bin/bin/../../lib/gcc/pic32mx/4.5.2/../../../../pic32mx/lib/speed/mips16\libxcpp.a(raise.o)
 .debug_aranges
                0x000001d0       0x20 c:/program files (x86)/microchip/xc32/v1.34/bin/bin/../../lib/gcc/pic32mx/4.5.2/../../../../pic32mx/lib/speed/mips16\libxcpp.a(strcmp.o)
 .debug_aranges
                0x000001f0       0x20 c:/program files (x86)/microchip/xc32/v1.34/bin/bin/../../lib/gcc/pic32mx/4.5.2/../../../../pic32mx/lib/speed/mips16\libxcpp.a(xexit.o)
 .debug_aranges
                0x00000210       0x20 c:/program files (x86)/microchip/xc32/v1.34/bin/bin/../../lib/gcc/pic32mx/4.5.2/../../../../pic32mx/lib/speed/mips16\libxcpp.a(xgetmem.o)
 .debug_aranges
                0x00000230       0x20 c:/program files (x86)/microchip/xc32/v1.34/bin/bin/../../lib/gcc/pic32mx/4.5.2/../../../../pic32mx/lib/speed/mips16\libmchp_peripheral_32MX120F032B.a(int_disable_interrupts_lib.o)
 .debug_aranges
                0x00000250       0x20 c:/program files (x86)/microchip/xc32/v1.34/bin/bin/../../lib/gcc/pic32mx/4.5.2/../../../../pic32mx/lib/speed/mips16\libmchp_peripheral_32MX120F032B.a(int_restore_interrupts_lib.o)
 .debug_aranges
                0x00000270       0x20 c:/program files (x86)/microchip/xc32/v1.34/bin/bin/../../lib/gcc/pic32mx/4.5.2/speed/mips16\libgcc.a(floatunsisf.o)
 .debug_aranges
                0x00000290       0x20 c:/program files (x86)/microchip/xc32/v1.34/bin/bin/../../lib/gcc/pic32mx/4.5.2/speed/mips16\libgcc.a(unwind-sjlj.o)
 .debug_aranges
                0x000002b0       0x40 c:/program files (x86)/microchip/xc32/v1.34/bin/bin/../../lib/gcc/pic32mx/4.5.2/../../../../pic32mx/lib/speed/mips16\libpic32.a(sbrk.o)
 .debug_aranges
                0x000002f0       0x20 c:/program files (x86)/microchip/xc32/v1.34/bin/bin/../../lib/gcc/pic32mx/4.5.2/../../../../pic32mx/lib/speed/mips16\libpic32.a(_exit.o)
 .debug_aranges
                0x00000310       0x20 c:/program files (x86)/microchip/xc32/v1.34/bin/bin/../../lib/gcc/pic32mx/4.5.2/../../../../pic32mx/lib/speed/mips16\libpic32.a(kill.o)
 .debug_aranges
                0x00000330       0x20 c:/program files (x86)/microchip/xc32/v1.34/bin/bin/../../lib/gcc/pic32mx/4.5.2/../../../../pic32mx/lib/speed/mips16\libpic32.a(getpid.o)

.debug_pubnames
                0x00000000      0xa2f
 *(.debug_pubnames)
 .debug_pubnames
                0x00000000       0xef build/default/debug/module/uart.o
 .debug_pubnames
                0x000000ef      0x20e build/default/debug/module/pwm.o
 .debug_pubnames
                0x000002fd      0x1a2 build/default/debug/module/adc.o
 .debug_pubnames
                0x0000049f       0xc9 build/default/debug/tmath/Q16.o
 .debug_pubnames
                0x00000568       0x21 build/default/debug/config/sys_config.o
 .debug_pubnames
                0x00000589       0x24 build/default/debug/startup.o
 .debug_pubnames
                0x000005ad       0x27 build/default/debug/Motor.o
 .debug_pubnames
                0x000005d4       0x1c c:/program files (x86)/microchip/xc32/v1.34/bin/bin/../../lib/gcc/pic32mx/4.5.2/../../../../pic32mx/lib/speed/mips16\libxcpp.a(abort.o)
 .debug_pubnames
                0x000005f0       0x35 c:/program files (x86)/microchip/xc32/v1.34/bin/bin/../../lib/gcc/pic32mx/4.5.2/../../../../pic32mx/lib/speed/mips16\libxcpp.a(exit.o)
 .debug_pubnames
                0x00000625       0x1b c:/program files (x86)/microchip/xc32/v1.34/bin/bin/../../lib/gcc/pic32mx/4.5.2/../../../../pic32mx/lib/speed/mips16\libxcpp.a(free.o)
 .debug_pubnames
                0x00000640       0x1d c:/program files (x86)/microchip/xc32/v1.34/bin/bin/../../lib/gcc/pic32mx/4.5.2/../../../../pic32mx/lib/speed/mips16\libxcpp.a(malloc.o)
 .debug_pubnames
                0x0000065d       0x1d c:/program files (x86)/microchip/xc32/v1.34/bin/bin/../../lib/gcc/pic32mx/4.5.2/../../../../pic32mx/lib/speed/mips16\libxcpp.a(memcpy.o)
 .debug_pubnames
                0x0000067a       0x1d c:/program files (x86)/microchip/xc32/v1.34/bin/bin/../../lib/gcc/pic32mx/4.5.2/../../../../pic32mx/lib/speed/mips16\libxcpp.a(memset.o)
 .debug_pubnames
                0x00000697       0x1c c:/program files (x86)/microchip/xc32/v1.34/bin/bin/../../lib/gcc/pic32mx/4.5.2/../../../../pic32mx/lib/speed/mips16\libxcpp.a(raise.o)
 .debug_pubnames
                0x000006b3       0x1d c:/program files (x86)/microchip/xc32/v1.34/bin/bin/../../lib/gcc/pic32mx/4.5.2/../../../../pic32mx/lib/speed/mips16\libxcpp.a(strcmp.o)
 .debug_pubnames
                0x000006d0       0x1c c:/program files (x86)/microchip/xc32/v1.34/bin/bin/../../lib/gcc/pic32mx/4.5.2/../../../../pic32mx/lib/speed/mips16\libxcpp.a(xexit.o)
 .debug_pubnames
                0x000006ec       0x1e c:/program files (x86)/microchip/xc32/v1.34/bin/bin/../../lib/gcc/pic32mx/4.5.2/../../../../pic32mx/lib/speed/mips16\libxcpp.a(xgetmem.o)
 .debug_pubnames
                0x0000070a       0x2b c:/program files (x86)/microchip/xc32/v1.34/bin/bin/../../lib/gcc/pic32mx/4.5.2/../../../../pic32mx/lib/speed/mips16\libmchp_peripheral_32MX120F032B.a(int_disable_interrupts_lib.o)
 .debug_pubnames
                0x00000735       0x2b c:/program files (x86)/microchip/xc32/v1.34/bin/bin/../../lib/gcc/pic32mx/4.5.2/../../../../pic32mx/lib/speed/mips16\libmchp_peripheral_32MX120F032B.a(int_restore_interrupts_lib.o)
 .debug_pubnames
                0x00000760       0x24 c:/program files (x86)/microchip/xc32/v1.34/bin/bin/../../lib/gcc/pic32mx/4.5.2/speed/mips16\libgcc.a(floatunsisf.o)
 .debug_pubnames
                0x00000784      0x1fb c:/program files (x86)/microchip/xc32/v1.34/bin/bin/../../lib/gcc/pic32mx/4.5.2/speed/mips16\libgcc.a(unwind-sjlj.o)
 .debug_pubnames
                0x0000097f       0x5c c:/program files (x86)/microchip/xc32/v1.34/bin/bin/../../lib/gcc/pic32mx/4.5.2/../../../../pic32mx/lib/speed/mips16\libpic32.a(sbrk.o)
 .debug_pubnames
                0x000009db       0x1c c:/program files (x86)/microchip/xc32/v1.34/bin/bin/../../lib/gcc/pic32mx/4.5.2/../../../../pic32mx/lib/speed/mips16\libpic32.a(_exit.o)
 .debug_pubnames
                0x000009f7       0x1b c:/program files (x86)/microchip/xc32/v1.34/bin/bin/../../lib/gcc/pic32mx/4.5.2/../../../../pic32mx/lib/speed/mips16\libpic32.a(kill.o)
 .debug_pubnames
                0x00000a12       0x1d c:/program files (x86)/microchip/xc32/v1.34/bin/bin/../../lib/gcc/pic32mx/4.5.2/../../../../pic32mx/lib/speed/mips16\libpic32.a(getpid.o)

.debug_info     0x00000000     0x8f43
 *(.debug_info .gnu.linkonce.wi.*)
 .debug_info    0x00000000     0x144a build/default/debug/module/uart.o
 .debug_info    0x0000144a     0x237b build/default/debug/module/pwm.o
 .debug_info    0x000037c5        0x0 build/default/debug/module/dma.o
 .debug_info    0x000037c5     0x18a2 build/default/debug/module/adc.o
 .debug_info    0x00005067        0x0 build/default/debug/IModule.o
 .debug_info    0x00005067      0x9ce build/default/debug/tmath/Q16.o
 .debug_info    0x00005a35       0xbf build/default/debug/tmath/dsp.o
 .debug_info    0x00005af4        0x0 build/default/debug/tmath/between.o
 .debug_info    0x00005af4        0x0 build/default/debug/ErrorObject.o
 .debug_info    0x00005af4      0x3ca build/default/debug/config/sys_config.o
 .debug_info    0x00005ebe     0x120a build/default/debug/startup.o
 .debug_info    0x000070c8       0xfc build/default/debug/Motor.o
 .debug_info    0x000071c4       0xa4 c:/program files (x86)/microchip/xc32/v1.34/bin/bin/../../lib/gcc/pic32mx/4.5.2/../../../../pic32mx/lib/speed/mips16\libxcpp.a(abort.o)
 .debug_info    0x00007268       0xd0 c:/program files (x86)/microchip/xc32/v1.34/bin/bin/../../lib/gcc/pic32mx/4.5.2/../../../../pic32mx/lib/speed/mips16\libxcpp.a(exit.o)
 .debug_info    0x00007338       0xa2 c:/program files (x86)/microchip/xc32/v1.34/bin/bin/../../lib/gcc/pic32mx/4.5.2/../../../../pic32mx/lib/speed/mips16\libxcpp.a(free.o)
 .debug_info    0x000073da       0xb2 c:/program files (x86)/microchip/xc32/v1.34/bin/bin/../../lib/gcc/pic32mx/4.5.2/../../../../pic32mx/lib/speed/mips16\libxcpp.a(malloc.o)
 .debug_info    0x0000748c       0xa6 c:/program files (x86)/microchip/xc32/v1.34/bin/bin/../../lib/gcc/pic32mx/4.5.2/../../../../pic32mx/lib/speed/mips16\libxcpp.a(memcpy.o)
 .debug_info    0x00007532       0xa6 c:/program files (x86)/microchip/xc32/v1.34/bin/bin/../../lib/gcc/pic32mx/4.5.2/../../../../pic32mx/lib/speed/mips16\libxcpp.a(memset.o)
 .debug_info    0x000075d8       0xa4 c:/program files (x86)/microchip/xc32/v1.34/bin/bin/../../lib/gcc/pic32mx/4.5.2/../../../../pic32mx/lib/speed/mips16\libxcpp.a(raise.o)
 .debug_info    0x0000767c       0xa6 c:/program files (x86)/microchip/xc32/v1.34/bin/bin/../../lib/gcc/pic32mx/4.5.2/../../../../pic32mx/lib/speed/mips16\libxcpp.a(strcmp.o)
 .debug_info    0x00007722       0xa4 c:/program files (x86)/microchip/xc32/v1.34/bin/bin/../../lib/gcc/pic32mx/4.5.2/../../../../pic32mx/lib/speed/mips16\libxcpp.a(xexit.o)
 .debug_info    0x000077c6       0xa8 c:/program files (x86)/microchip/xc32/v1.34/bin/bin/../../lib/gcc/pic32mx/4.5.2/../../../../pic32mx/lib/speed/mips16\libxcpp.a(xgetmem.o)
 .debug_info    0x0000786e       0xb6 c:/program files (x86)/microchip/xc32/v1.34/bin/bin/../../lib/gcc/pic32mx/4.5.2/../../../../pic32mx/lib/speed/mips16\libmchp_peripheral_32MX120F032B.a(int_disable_interrupts_lib.o)
 .debug_info    0x00007924       0xb6 c:/program files (x86)/microchip/xc32/v1.34/bin/bin/../../lib/gcc/pic32mx/4.5.2/../../../../pic32mx/lib/speed/mips16\libmchp_peripheral_32MX120F032B.a(int_restore_interrupts_lib.o)
 .debug_info    0x000079da      0x12c c:/program files (x86)/microchip/xc32/v1.34/bin/bin/../../lib/gcc/pic32mx/4.5.2/speed/mips16\libgcc.a(floatunsisf.o)
 .debug_info    0x00007b06     0x1121 c:/program files (x86)/microchip/xc32/v1.34/bin/bin/../../lib/gcc/pic32mx/4.5.2/speed/mips16\libgcc.a(unwind-sjlj.o)
 .debug_info    0x00008c27      0x115 c:/program files (x86)/microchip/xc32/v1.34/bin/bin/../../lib/gcc/pic32mx/4.5.2/../../../../pic32mx/lib/speed/mips16\libpic32.a(sbrk.o)
 .debug_info    0x00008d3c       0xad c:/program files (x86)/microchip/xc32/v1.34/bin/bin/../../lib/gcc/pic32mx/4.5.2/../../../../pic32mx/lib/speed/mips16\libpic32.a(_exit.o)
 .debug_info    0x00008de9       0xab c:/program files (x86)/microchip/xc32/v1.34/bin/bin/../../lib/gcc/pic32mx/4.5.2/../../../../pic32mx/lib/speed/mips16\libpic32.a(kill.o)
 .debug_info    0x00008e94       0xaf c:/program files (x86)/microchip/xc32/v1.34/bin/bin/../../lib/gcc/pic32mx/4.5.2/../../../../pic32mx/lib/speed/mips16\libpic32.a(getpid.o)
 .debug_info    0x00008f43        0x0 c:/program files (x86)/microchip/xc32/v1.34/bin/bin/../../lib/gcc/pic32mx/4.5.2/../../../../pic32mx/lib/speed/mips16\libpic32.a(errno.o)

.debug_abbrev   0x00000000     0x15e8
 *(.debug_abbrev)
 .debug_abbrev  0x00000000      0x2af build/default/debug/module/uart.o
 .debug_abbrev  0x000002af      0x421 build/default/debug/module/pwm.o
 .debug_abbrev  0x000006d0        0x1 build/default/debug/module/dma.o
 .debug_abbrev  0x000006d1      0x2c6 build/default/debug/module/adc.o
 .debug_abbrev  0x00000997        0x1 build/default/debug/IModule.o
 .debug_abbrev  0x00000998      0x226 build/default/debug/tmath/Q16.o
 .debug_abbrev  0x00000bbe       0x2a build/default/debug/tmath/dsp.o
 .debug_abbrev  0x00000be8        0x1 build/default/debug/tmath/between.o
 .debug_abbrev  0x00000be9        0x1 build/default/debug/ErrorObject.o
 .debug_abbrev  0x00000bea       0x9f build/default/debug/config/sys_config.o
 .debug_abbrev  0x00000c89      0x2d0 build/default/debug/startup.o
 .debug_abbrev  0x00000f59       0x40 build/default/debug/Motor.o
 .debug_abbrev  0x00000f99       0x25 c:/program files (x86)/microchip/xc32/v1.34/bin/bin/../../lib/gcc/pic32mx/4.5.2/../../../../pic32mx/lib/speed/mips16\libxcpp.a(abort.o)
 .debug_abbrev  0x00000fbe       0x25 c:/program files (x86)/microchip/xc32/v1.34/bin/bin/../../lib/gcc/pic32mx/4.5.2/../../../../pic32mx/lib/speed/mips16\libxcpp.a(exit.o)
 .debug_abbrev  0x00000fe3       0x25 c:/program files (x86)/microchip/xc32/v1.34/bin/bin/../../lib/gcc/pic32mx/4.5.2/../../../../pic32mx/lib/speed/mips16\libxcpp.a(free.o)
 .debug_abbrev  0x00001008       0x32 c:/program files (x86)/microchip/xc32/v1.34/bin/bin/../../lib/gcc/pic32mx/4.5.2/../../../../pic32mx/lib/speed/mips16\libxcpp.a(malloc.o)
 .debug_abbrev  0x0000103a       0x25 c:/program files (x86)/microchip/xc32/v1.34/bin/bin/../../lib/gcc/pic32mx/4.5.2/../../../../pic32mx/lib/speed/mips16\libxcpp.a(memcpy.o)
 .debug_abbrev  0x0000105f       0x25 c:/program files (x86)/microchip/xc32/v1.34/bin/bin/../../lib/gcc/pic32mx/4.5.2/../../../../pic32mx/lib/speed/mips16\libxcpp.a(memset.o)
 .debug_abbrev  0x00001084       0x25 c:/program files (x86)/microchip/xc32/v1.34/bin/bin/../../lib/gcc/pic32mx/4.5.2/../../../../pic32mx/lib/speed/mips16\libxcpp.a(raise.o)
 .debug_abbrev  0x000010a9       0x25 c:/program files (x86)/microchip/xc32/v1.34/bin/bin/../../lib/gcc/pic32mx/4.5.2/../../../../pic32mx/lib/speed/mips16\libxcpp.a(strcmp.o)
 .debug_abbrev  0x000010ce       0x25 c:/program files (x86)/microchip/xc32/v1.34/bin/bin/../../lib/gcc/pic32mx/4.5.2/../../../../pic32mx/lib/speed/mips16\libxcpp.a(xexit.o)
 .debug_abbrev  0x000010f3       0x25 c:/program files (x86)/microchip/xc32/v1.34/bin/bin/../../lib/gcc/pic32mx/4.5.2/../../../../pic32mx/lib/speed/mips16\libxcpp.a(xgetmem.o)
 .debug_abbrev  0x00001118       0x25 c:/program files (x86)/microchip/xc32/v1.34/bin/bin/../../lib/gcc/pic32mx/4.5.2/../../../../pic32mx/lib/speed/mips16\libmchp_peripheral_32MX120F032B.a(int_disable_interrupts_lib.o)
 .debug_abbrev  0x0000113d       0x25 c:/program files (x86)/microchip/xc32/v1.34/bin/bin/../../lib/gcc/pic32mx/4.5.2/../../../../pic32mx/lib/speed/mips16\libmchp_peripheral_32MX120F032B.a(int_restore_interrupts_lib.o)
 .debug_abbrev  0x00001162       0x5f c:/program files (x86)/microchip/xc32/v1.34/bin/bin/../../lib/gcc/pic32mx/4.5.2/speed/mips16\libgcc.a(floatunsisf.o)
 .debug_abbrev  0x000011c1      0x37f c:/program files (x86)/microchip/xc32/v1.34/bin/bin/../../lib/gcc/pic32mx/4.5.2/speed/mips16\libgcc.a(unwind-sjlj.o)
 .debug_abbrev  0x00001540       0x38 c:/program files (x86)/microchip/xc32/v1.34/bin/bin/../../lib/gcc/pic32mx/4.5.2/../../../../pic32mx/lib/speed/mips16\libpic32.a(sbrk.o)
 .debug_abbrev  0x00001578       0x25 c:/program files (x86)/microchip/xc32/v1.34/bin/bin/../../lib/gcc/pic32mx/4.5.2/../../../../pic32mx/lib/speed/mips16\libpic32.a(_exit.o)
 .debug_abbrev  0x0000159d       0x25 c:/program files (x86)/microchip/xc32/v1.34/bin/bin/../../lib/gcc/pic32mx/4.5.2/../../../../pic32mx/lib/speed/mips16\libpic32.a(kill.o)
 .debug_abbrev  0x000015c2       0x25 c:/program files (x86)/microchip/xc32/v1.34/bin/bin/../../lib/gcc/pic32mx/4.5.2/../../../../pic32mx/lib/speed/mips16\libpic32.a(getpid.o)
 .debug_abbrev  0x000015e7        0x1 c:/program files (x86)/microchip/xc32/v1.34/bin/bin/../../lib/gcc/pic32mx/4.5.2/../../../../pic32mx/lib/speed/mips16\libpic32.a(errno.o)

.debug_line     0x00000000     0x1687
 *(.debug_line)
 .debug_line    0x00000000      0x193 build/default/debug/module/uart.o
 .debug_line    0x00000193      0x256 build/default/debug/module/pwm.o
 .debug_line    0x000003e9        0x0 build/default/debug/module/dma.o
 .debug_line    0x000003e9      0x1f4 build/default/debug/module/adc.o
 .debug_line    0x000005dd        0x0 build/default/debug/IModule.o
 .debug_line    0x000005dd       0xca build/default/debug/tmath/Q16.o
 .debug_line    0x000006a7       0x5e build/default/debug/tmath/dsp.o
 .debug_line    0x00000705        0x0 build/default/debug/tmath/between.o
 .debug_line    0x00000705        0x0 build/default/debug/ErrorObject.o
 .debug_line    0x00000705       0xd6 build/default/debug/config/sys_config.o
 .debug_line    0x000007db      0x2b5 build/default/debug/startup.o
 .debug_line    0x00000a90       0xe5 build/default/debug/Motor.o
 .debug_line    0x00000b75       0x70 c:/program files (x86)/microchip/xc32/v1.34/bin/bin/../../lib/gcc/pic32mx/4.5.2/../../../../pic32mx/lib/speed/mips16\libxcpp.a(abort.o)
 .debug_line    0x00000be5       0x6f c:/program files (x86)/microchip/xc32/v1.34/bin/bin/../../lib/gcc/pic32mx/4.5.2/../../../../pic32mx/lib/speed/mips16\libxcpp.a(exit.o)
 .debug_line    0x00000c54       0x6f c:/program files (x86)/microchip/xc32/v1.34/bin/bin/../../lib/gcc/pic32mx/4.5.2/../../../../pic32mx/lib/speed/mips16\libxcpp.a(free.o)
 .debug_line    0x00000cc3       0x71 c:/program files (x86)/microchip/xc32/v1.34/bin/bin/../../lib/gcc/pic32mx/4.5.2/../../../../pic32mx/lib/speed/mips16\libxcpp.a(malloc.o)
 .debug_line    0x00000d34       0x71 c:/program files (x86)/microchip/xc32/v1.34/bin/bin/../../lib/gcc/pic32mx/4.5.2/../../../../pic32mx/lib/speed/mips16\libxcpp.a(memcpy.o)
 .debug_line    0x00000da5       0x71 c:/program files (x86)/microchip/xc32/v1.34/bin/bin/../../lib/gcc/pic32mx/4.5.2/../../../../pic32mx/lib/speed/mips16\libxcpp.a(memset.o)
 .debug_line    0x00000e16       0x70 c:/program files (x86)/microchip/xc32/v1.34/bin/bin/../../lib/gcc/pic32mx/4.5.2/../../../../pic32mx/lib/speed/mips16\libxcpp.a(raise.o)
 .debug_line    0x00000e86       0x71 c:/program files (x86)/microchip/xc32/v1.34/bin/bin/../../lib/gcc/pic32mx/4.5.2/../../../../pic32mx/lib/speed/mips16\libxcpp.a(strcmp.o)
 .debug_line    0x00000ef7       0x70 c:/program files (x86)/microchip/xc32/v1.34/bin/bin/../../lib/gcc/pic32mx/4.5.2/../../../../pic32mx/lib/speed/mips16\libxcpp.a(xexit.o)
 .debug_line    0x00000f67       0x72 c:/program files (x86)/microchip/xc32/v1.34/bin/bin/../../lib/gcc/pic32mx/4.5.2/../../../../pic32mx/lib/speed/mips16\libxcpp.a(xgetmem.o)
 .debug_line    0x00000fd9       0x73 c:/program files (x86)/microchip/xc32/v1.34/bin/bin/../../lib/gcc/pic32mx/4.5.2/../../../../pic32mx/lib/speed/mips16\libmchp_peripheral_32MX120F032B.a(int_disable_interrupts_lib.o)
 .debug_line    0x0000104c       0x73 c:/program files (x86)/microchip/xc32/v1.34/bin/bin/../../lib/gcc/pic32mx/4.5.2/../../../../pic32mx/lib/speed/mips16\libmchp_peripheral_32MX120F032B.a(int_restore_interrupts_lib.o)
 .debug_line    0x000010bf       0x90 c:/program files (x86)/microchip/xc32/v1.34/bin/bin/../../lib/gcc/pic32mx/4.5.2/speed/mips16\libgcc.a(floatunsisf.o)
 .debug_line    0x0000114f      0x355 c:/program files (x86)/microchip/xc32/v1.34/bin/bin/../../lib/gcc/pic32mx/4.5.2/speed/mips16\libgcc.a(unwind-sjlj.o)
 .debug_line    0x000014a4       0x78 c:/program files (x86)/microchip/xc32/v1.34/bin/bin/../../lib/gcc/pic32mx/4.5.2/../../../../pic32mx/lib/speed/mips16\libpic32.a(sbrk.o)
 .debug_line    0x0000151c       0x79 c:/program files (x86)/microchip/xc32/v1.34/bin/bin/../../lib/gcc/pic32mx/4.5.2/../../../../pic32mx/lib/speed/mips16\libpic32.a(_exit.o)
 .debug_line    0x00001595       0x78 c:/program files (x86)/microchip/xc32/v1.34/bin/bin/../../lib/gcc/pic32mx/4.5.2/../../../../pic32mx/lib/speed/mips16\libpic32.a(kill.o)
 .debug_line    0x0000160d       0x7a c:/program files (x86)/microchip/xc32/v1.34/bin/bin/../../lib/gcc/pic32mx/4.5.2/../../../../pic32mx/lib/speed/mips16\libpic32.a(getpid.o)
 .debug_line    0x00001687        0x0 c:/program files (x86)/microchip/xc32/v1.34/bin/bin/../../lib/gcc/pic32mx/4.5.2/../../../../pic32mx/lib/speed/mips16\libpic32.a(errno.o)

.debug_frame    0x00000000      0x91c
 *(.debug_frame)
 .debug_frame   0x00000000       0x90 build/default/debug/module/uart.o
 .debug_frame   0x00000090      0x1b8 build/default/debug/module/pwm.o
 .debug_frame   0x00000248       0xe0 build/default/debug/module/adc.o
 .debug_frame   0x00000328       0xa0 build/default/debug/tmath/Q16.o
 .debug_frame   0x000003c8       0x2c build/default/debug/config/sys_config.o
 .debug_frame   0x000003f4       0x40 build/default/debug/startup.o
 .debug_frame   0x00000434       0x28 build/default/debug/Motor.o
 .debug_frame   0x0000045c       0x28 c:/program files (x86)/microchip/xc32/v1.34/bin/bin/../../lib/gcc/pic32mx/4.5.2/../../../../pic32mx/lib/speed/mips16\libxcpp.a(abort.o)
 .debug_frame   0x00000484       0x60 c:/program files (x86)/microchip/xc32/v1.34/bin/bin/../../lib/gcc/pic32mx/4.5.2/../../../../pic32mx/lib/speed/mips16\libxcpp.a(exit.o)
 .debug_frame   0x000004e4       0x28 c:/program files (x86)/microchip/xc32/v1.34/bin/bin/../../lib/gcc/pic32mx/4.5.2/../../../../pic32mx/lib/speed/mips16\libxcpp.a(free.o)
 .debug_frame   0x0000050c       0x2c c:/program files (x86)/microchip/xc32/v1.34/bin/bin/../../lib/gcc/pic32mx/4.5.2/../../../../pic32mx/lib/speed/mips16\libxcpp.a(malloc.o)
 .debug_frame   0x00000538       0x28 c:/program files (x86)/microchip/xc32/v1.34/bin/bin/../../lib/gcc/pic32mx/4.5.2/../../../../pic32mx/lib/speed/mips16\libxcpp.a(memcpy.o)
 .debug_frame   0x00000560       0x28 c:/program files (x86)/microchip/xc32/v1.34/bin/bin/../../lib/gcc/pic32mx/4.5.2/../../../../pic32mx/lib/speed/mips16\libxcpp.a(memset.o)
 .debug_frame   0x00000588       0x28 c:/program files (x86)/microchip/xc32/v1.34/bin/bin/../../lib/gcc/pic32mx/4.5.2/../../../../pic32mx/lib/speed/mips16\libxcpp.a(raise.o)
 .debug_frame   0x000005b0       0x20 c:/program files (x86)/microchip/xc32/v1.34/bin/bin/../../lib/gcc/pic32mx/4.5.2/../../../../pic32mx/lib/speed/mips16\libxcpp.a(strcmp.o)
 .debug_frame   0x000005d0       0x28 c:/program files (x86)/microchip/xc32/v1.34/bin/bin/../../lib/gcc/pic32mx/4.5.2/../../../../pic32mx/lib/speed/mips16\libxcpp.a(xexit.o)
 .debug_frame   0x000005f8       0x28 c:/program files (x86)/microchip/xc32/v1.34/bin/bin/../../lib/gcc/pic32mx/4.5.2/../../../../pic32mx/lib/speed/mips16\libxcpp.a(xgetmem.o)
 .debug_frame   0x00000620       0x20 c:/program files (x86)/microchip/xc32/v1.34/bin/bin/../../lib/gcc/pic32mx/4.5.2/../../../../pic32mx/lib/speed/mips16\libmchp_peripheral_32MX120F032B.a(int_disable_interrupts_lib.o)
 .debug_frame   0x00000640       0x20 c:/program files (x86)/microchip/xc32/v1.34/bin/bin/../../lib/gcc/pic32mx/4.5.2/../../../../pic32mx/lib/speed/mips16\libmchp_peripheral_32MX120F032B.a(int_restore_interrupts_lib.o)
 .debug_frame   0x00000660       0x28 c:/program files (x86)/microchip/xc32/v1.34/bin/bin/../../lib/gcc/pic32mx/4.5.2/speed/mips16\libgcc.a(floatunsisf.o)
 .debug_frame   0x00000688      0x1b4 c:/program files (x86)/microchip/xc32/v1.34/bin/bin/../../lib/gcc/pic32mx/4.5.2/speed/mips16\libgcc.a(unwind-sjlj.o)
 .debug_frame   0x0000083c       0x80 c:/program files (x86)/microchip/xc32/v1.34/bin/bin/../../lib/gcc/pic32mx/4.5.2/../../../../pic32mx/lib/speed/mips16\libpic32.a(sbrk.o)
 .debug_frame   0x000008bc       0x20 c:/program files (x86)/microchip/xc32/v1.34/bin/bin/../../lib/gcc/pic32mx/4.5.2/../../../../pic32mx/lib/speed/mips16\libpic32.a(_exit.o)
 .debug_frame   0x000008dc       0x20 c:/program files (x86)/microchip/xc32/v1.34/bin/bin/../../lib/gcc/pic32mx/4.5.2/../../../../pic32mx/lib/speed/mips16\libpic32.a(kill.o)
 .debug_frame   0x000008fc       0x20 c:/program files (x86)/microchip/xc32/v1.34/bin/bin/../../lib/gcc/pic32mx/4.5.2/../../../../pic32mx/lib/speed/mips16\libpic32.a(getpid.o)

.debug_str      0x00000000      0x113
 *(.debug_str)
 .debug_str     0x00000000        0xa build/default/debug/module/uart.o
 .debug_str     0x0000000a       0x68 build/default/debug/module/pwm.o
 .debug_str     0x00000072        0x0 build/default/debug/module/dma.o
 .debug_str     0x00000072       0x1e build/default/debug/module/adc.o
 .debug_str     0x00000090        0x0 build/default/debug/IModule.o
 .debug_str     0x00000090       0x25 build/default/debug/tmath/Q16.o
 .debug_str     0x000000b5        0x0 build/default/debug/tmath/dsp.o
 .debug_str     0x000000b5        0x0 build/default/debug/tmath/between.o
 .debug_str     0x000000b5        0x0 build/default/debug/ErrorObject.o
 .debug_str     0x000000b5       0x14 build/default/debug/config/sys_config.o
 .debug_str     0x000000c9        0xa build/default/debug/startup.o
 .debug_str     0x000000d3        0x0 build/default/debug/Motor.o
 .debug_str     0x000000d3        0x0 c:/program files (x86)/microchip/xc32/v1.34/bin/bin/../../lib/gcc/pic32mx/4.5.2/../../../../pic32mx/lib/speed/mips16\libxcpp.a(abort.o)
 .debug_str     0x000000d3        0x0 c:/program files (x86)/microchip/xc32/v1.34/bin/bin/../../lib/gcc/pic32mx/4.5.2/../../../../pic32mx/lib/speed/mips16\libxcpp.a(exit.o)
 .debug_str     0x000000d3        0x0 c:/program files (x86)/microchip/xc32/v1.34/bin/bin/../../lib/gcc/pic32mx/4.5.2/../../../../pic32mx/lib/speed/mips16\libxcpp.a(free.o)
 .debug_str     0x000000d3        0x0 c:/program files (x86)/microchip/xc32/v1.34/bin/bin/../../lib/gcc/pic32mx/4.5.2/../../../../pic32mx/lib/speed/mips16\libxcpp.a(malloc.o)
 .debug_str     0x000000d3        0x0 c:/program files (x86)/microchip/xc32/v1.34/bin/bin/../../lib/gcc/pic32mx/4.5.2/../../../../pic32mx/lib/speed/mips16\libxcpp.a(memcpy.o)
 .debug_str     0x000000d3        0x0 c:/program files (x86)/microchip/xc32/v1.34/bin/bin/../../lib/gcc/pic32mx/4.5.2/../../../../pic32mx/lib/speed/mips16\libxcpp.a(memset.o)
 .debug_str     0x000000d3        0x0 c:/program files (x86)/microchip/xc32/v1.34/bin/bin/../../lib/gcc/pic32mx/4.5.2/../../../../pic32mx/lib/speed/mips16\libxcpp.a(raise.o)
 .debug_str     0x000000d3        0x0 c:/program files (x86)/microchip/xc32/v1.34/bin/bin/../../lib/gcc/pic32mx/4.5.2/../../../../pic32mx/lib/speed/mips16\libxcpp.a(strcmp.o)
 .debug_str     0x000000d3        0x0 c:/program files (x86)/microchip/xc32/v1.34/bin/bin/../../lib/gcc/pic32mx/4.5.2/../../../../pic32mx/lib/speed/mips16\libxcpp.a(xexit.o)
 .debug_str     0x000000d3        0x0 c:/program files (x86)/microchip/xc32/v1.34/bin/bin/../../lib/gcc/pic32mx/4.5.2/../../../../pic32mx/lib/speed/mips16\libxcpp.a(xgetmem.o)
 .debug_str     0x000000d3        0x0 c:/program files (x86)/microchip/xc32/v1.34/bin/bin/../../lib/gcc/pic32mx/4.5.2/../../../../pic32mx/lib/speed/mips16\libmchp_peripheral_32MX120F032B.a(int_disable_interrupts_lib.o)
 .debug_str     0x000000d3        0x0 c:/program files (x86)/microchip/xc32/v1.34/bin/bin/../../lib/gcc/pic32mx/4.5.2/../../../../pic32mx/lib/speed/mips16\libmchp_peripheral_32MX120F032B.a(int_restore_interrupts_lib.o)
 .debug_str     0x000000d3        0x0 c:/program files (x86)/microchip/xc32/v1.34/bin/bin/../../lib/gcc/pic32mx/4.5.2/speed/mips16\libgcc.a(floatunsisf.o)
 .debug_str     0x000000d3       0x40 c:/program files (x86)/microchip/xc32/v1.34/bin/bin/../../lib/gcc/pic32mx/4.5.2/speed/mips16\libgcc.a(unwind-sjlj.o)
 .debug_str     0x00000113        0x0 c:/program files (x86)/microchip/xc32/v1.34/bin/bin/../../lib/gcc/pic32mx/4.5.2/../../../../pic32mx/lib/speed/mips16\libpic32.a(sbrk.o)
 .debug_str     0x00000113        0x0 c:/program files (x86)/microchip/xc32/v1.34/bin/bin/../../lib/gcc/pic32mx/4.5.2/../../../../pic32mx/lib/speed/mips16\libpic32.a(_exit.o)
 .debug_str     0x00000113        0x0 c:/program files (x86)/microchip/xc32/v1.34/bin/bin/../../lib/gcc/pic32mx/4.5.2/../../../../pic32mx/lib/speed/mips16\libpic32.a(kill.o)
 .debug_str     0x00000113        0x0 c:/program files (x86)/microchip/xc32/v1.34/bin/bin/../../lib/gcc/pic32mx/4.5.2/../../../../pic32mx/lib/speed/mips16\libpic32.a(getpid.o)
 .debug_str     0x00000113        0x0 c:/program files (x86)/microchip/xc32/v1.34/bin/bin/../../lib/gcc/pic32mx/4.5.2/../../../../pic32mx/lib/speed/mips16\libpic32.a(errno.o)

.debug_loc      0x00000000      0xf36
 *(.debug_loc)
 .debug_loc     0x00000000       0x79 build/default/debug/module/uart.o
 .debug_loc     0x00000079      0x5c5 build/default/debug/module/pwm.o
 .debug_loc     0x0000063e      0x14c build/default/debug/module/adc.o
 .debug_loc     0x0000078a      0x142 build/default/debug/tmath/Q16.o
 .debug_loc     0x000008cc       0x2c build/default/debug/config/sys_config.o
 .debug_loc     0x000008f8       0x7c build/default/debug/startup.o
 .debug_loc     0x00000974       0x20 build/default/debug/Motor.o
 .debug_loc     0x00000994       0x3c c:/program files (x86)/microchip/xc32/v1.34/bin/bin/../../lib/gcc/pic32mx/4.5.2/speed/mips16\libgcc.a(floatunsisf.o)
 .debug_loc     0x000009d0      0x566 c:/program files (x86)/microchip/xc32/v1.34/bin/bin/../../lib/gcc/pic32mx/4.5.2/speed/mips16\libgcc.a(unwind-sjlj.o)

.debug_macinfo
 *(.debug_macinfo)

.debug_weaknames
 *(.debug_weaknames)

.debug_funcnames
 *(.debug_funcnames)

.debug_typenames
 *(.debug_typenames)

.debug_varnames
 *(.debug_varnames)

.debug_pubtypes
                0x00000000      0x3c3
 *(.debug_pubtypes)
 .debug_pubtypes
                0x00000000       0x84 build/default/debug/module/uart.o
 .debug_pubtypes
                0x00000084       0x42 build/default/debug/module/pwm.o
 .debug_pubtypes
                0x000000c6       0x8a build/default/debug/module/adc.o
 .debug_pubtypes
                0x00000150       0x1a build/default/debug/tmath/Q16.o
 .debug_pubtypes
                0x0000016a       0x12 build/default/debug/tmath/dsp.o
 .debug_pubtypes
                0x0000017c       0x44 build/default/debug/config/sys_config.o
 .debug_pubtypes
                0x000001c0       0x83 build/default/debug/startup.o
 .debug_pubtypes
                0x00000243       0x12 build/default/debug/Motor.o
 .debug_pubtypes
                0x00000255       0x34 c:/program files (x86)/microchip/xc32/v1.34/bin/bin/../../lib/gcc/pic32mx/4.5.2/speed/mips16\libgcc.a(floatunsisf.o)
 .debug_pubtypes
                0x00000289      0x13a c:/program files (x86)/microchip/xc32/v1.34/bin/bin/../../lib/gcc/pic32mx/4.5.2/speed/mips16\libgcc.a(unwind-sjlj.o)

.debug_ranges   0x00000000      0x340
 *(.debug_ranges)
 .debug_ranges  0x00000000       0x30 build/default/debug/tmath/Q16.o
 .debug_ranges  0x00000030       0x78 build/default/debug/startup.o
 .debug_ranges  0x000000a8       0x10 c:/program files (x86)/microchip/xc32/v1.34/bin/bin/../../lib/gcc/pic32mx/4.5.2/../../../../pic32mx/lib/speed/mips16\libxcpp.a(abort.o)
 .debug_ranges  0x000000b8       0x20 c:/program files (x86)/microchip/xc32/v1.34/bin/bin/../../lib/gcc/pic32mx/4.5.2/../../../../pic32mx/lib/speed/mips16\libxcpp.a(exit.o)
 .debug_ranges  0x000000d8       0x10 c:/program files (x86)/microchip/xc32/v1.34/bin/bin/../../lib/gcc/pic32mx/4.5.2/../../../../pic32mx/lib/speed/mips16\libxcpp.a(free.o)
 .debug_ranges  0x000000e8       0x10 c:/program files (x86)/microchip/xc32/v1.34/bin/bin/../../lib/gcc/pic32mx/4.5.2/../../../../pic32mx/lib/speed/mips16\libxcpp.a(malloc.o)
 .debug_ranges  0x000000f8       0x10 c:/program files (x86)/microchip/xc32/v1.34/bin/bin/../../lib/gcc/pic32mx/4.5.2/../../../../pic32mx/lib/speed/mips16\libxcpp.a(memcpy.o)
 .debug_ranges  0x00000108       0x10 c:/program files (x86)/microchip/xc32/v1.34/bin/bin/../../lib/gcc/pic32mx/4.5.2/../../../../pic32mx/lib/speed/mips16\libxcpp.a(memset.o)
 .debug_ranges  0x00000118       0x10 c:/program files (x86)/microchip/xc32/v1.34/bin/bin/../../lib/gcc/pic32mx/4.5.2/../../../../pic32mx/lib/speed/mips16\libxcpp.a(raise.o)
 .debug_ranges  0x00000128       0x10 c:/program files (x86)/microchip/xc32/v1.34/bin/bin/../../lib/gcc/pic32mx/4.5.2/../../../../pic32mx/lib/speed/mips16\libxcpp.a(strcmp.o)
 .debug_ranges  0x00000138       0x10 c:/program files (x86)/microchip/xc32/v1.34/bin/bin/../../lib/gcc/pic32mx/4.5.2/../../../../pic32mx/lib/speed/mips16\libxcpp.a(xexit.o)
 .debug_ranges  0x00000148       0x10 c:/program files (x86)/microchip/xc32/v1.34/bin/bin/../../lib/gcc/pic32mx/4.5.2/../../../../pic32mx/lib/speed/mips16\libxcpp.a(xgetmem.o)
 .debug_ranges  0x00000158       0x10 c:/program files (x86)/microchip/xc32/v1.34/bin/bin/../../lib/gcc/pic32mx/4.5.2/../../../../pic32mx/lib/speed/mips16\libmchp_peripheral_32MX120F032B.a(int_disable_interrupts_lib.o)
 .debug_ranges  0x00000168       0x10 c:/program files (x86)/microchip/xc32/v1.34/bin/bin/../../lib/gcc/pic32mx/4.5.2/../../../../pic32mx/lib/speed/mips16\libmchp_peripheral_32MX120F032B.a(int_restore_interrupts_lib.o)
 .debug_ranges  0x00000178      0x168 c:/program files (x86)/microchip/xc32/v1.34/bin/bin/../../lib/gcc/pic32mx/4.5.2/speed/mips16\libgcc.a(unwind-sjlj.o)
 .debug_ranges  0x000002e0       0x30 c:/program files (x86)/microchip/xc32/v1.34/bin/bin/../../lib/gcc/pic32mx/4.5.2/../../../../pic32mx/lib/speed/mips16\libpic32.a(sbrk.o)
 .debug_ranges  0x00000310       0x10 c:/program files (x86)/microchip/xc32/v1.34/bin/bin/../../lib/gcc/pic32mx/4.5.2/../../../../pic32mx/lib/speed/mips16\libpic32.a(_exit.o)
 .debug_ranges  0x00000320       0x10 c:/program files (x86)/microchip/xc32/v1.34/bin/bin/../../lib/gcc/pic32mx/4.5.2/../../../../pic32mx/lib/speed/mips16\libpic32.a(kill.o)
 .debug_ranges  0x00000330       0x10 c:/program files (x86)/microchip/xc32/v1.34/bin/bin/../../lib/gcc/pic32mx/4.5.2/../../../../pic32mx/lib/speed/mips16\libpic32.a(getpid.o)

.gnu.attributes
                0x00000000       0x10
 *(.gnu.attributes)
 .gnu.attributes
                0x00000000       0x10 build/default/debug/module/uart.o
 .gnu.attributes
                0x00000010       0x10 build/default/debug/module/pwm.o
 .gnu.attributes
                0x00000020       0x10 build/default/debug/module/dma.o
 .gnu.attributes
                0x00000030       0x10 build/default/debug/module/adc.o
 .gnu.attributes
                0x00000040       0x10 build/default/debug/IModule.o
 .gnu.attributes
                0x00000050       0x10 build/default/debug/tmath/Q16.o
 .gnu.attributes
                0x00000060       0x10 build/default/debug/tmath/dsp.o
 .gnu.attributes
                0x00000070       0x10 build/default/debug/tmath/between.o
 .gnu.attributes
                0x00000080       0x10 build/default/debug/ErrorObject.o
 .gnu.attributes
                0x00000090       0x10 build/default/debug/config/sys_config.o
 .gnu.attributes
                0x000000a0       0x10 build/default/debug/startup.o
 .gnu.attributes
                0x000000b0       0x10 build/default/debug/Motor.o
 .gnu.attributes
                0x000000c0       0x10 c:/program files (x86)/microchip/xc32/v1.34/bin/bin/../../lib/gcc/pic32mx/4.5.2/../../../../pic32mx/lib/speed/mips16\libsupc++.a(del_op.o)
 .gnu.attributes
                0x000000d0       0x10 c:/program files (x86)/microchip/xc32/v1.34/bin/bin/../../lib/gcc/pic32mx/4.5.2/../../../../pic32mx/lib/speed/mips16\libsupc++.a(eh_personality.o)
 .gnu.attributes
                0x000000e0       0x10 c:/program files (x86)/microchip/xc32/v1.34/bin/bin/../../lib/gcc/pic32mx/4.5.2/../../../../pic32mx/lib/speed/mips16\libsupc++.a(eh_terminate.o)
 .gnu.attributes
                0x000000f0       0x10 c:/program files (x86)/microchip/xc32/v1.34/bin/bin/../../lib/gcc/pic32mx/4.5.2/../../../../pic32mx/lib/speed/mips16\libsupc++.a(eh_throw.o)
 .gnu.attributes
                0x00000100       0x10 c:/program files (x86)/microchip/xc32/v1.34/bin/bin/../../lib/gcc/pic32mx/4.5.2/../../../../pic32mx/lib/speed/mips16\libsupc++.a(eh_unex_handler.o)
 .gnu.attributes
                0x00000110       0x10 c:/program files (x86)/microchip/xc32/v1.34/bin/bin/../../lib/gcc/pic32mx/4.5.2/../../../../pic32mx/lib/speed/mips16\libsupc++.a(pure.o)
 .gnu.attributes
                0x00000120       0x10 c:/program files (x86)/microchip/xc32/v1.34/bin/bin/../../lib/gcc/pic32mx/4.5.2/../../../../pic32mx/lib/speed/mips16\libsupc++.a(eh_alloc.o)
 .gnu.attributes
                0x00000130       0x10 c:/program files (x86)/microchip/xc32/v1.34/bin/bin/../../lib/gcc/pic32mx/4.5.2/../../../../pic32mx/lib/speed/mips16\libsupc++.a(eh_call.o)
 .gnu.attributes
                0x00000140       0x10 c:/program files (x86)/microchip/xc32/v1.34/bin/bin/../../lib/gcc/pic32mx/4.5.2/../../../../pic32mx/lib/speed/mips16\libsupc++.a(eh_catch.o)
 .gnu.attributes
                0x00000150       0x10 c:/program files (x86)/microchip/xc32/v1.34/bin/bin/../../lib/gcc/pic32mx/4.5.2/../../../../pic32mx/lib/speed/mips16\libsupc++.a(eh_exception.o)
 .gnu.attributes
                0x00000160       0x10 c:/program files (x86)/microchip/xc32/v1.34/bin/bin/../../lib/gcc/pic32mx/4.5.2/../../../../pic32mx/lib/speed/mips16\libsupc++.a(eh_globals.o)
 .gnu.attributes
                0x00000170       0x10 c:/program files (x86)/microchip/xc32/v1.34/bin/bin/../../lib/gcc/pic32mx/4.5.2/../../../../pic32mx/lib/speed/mips16\libsupc++.a(eh_term_handler.o)
 .gnu.attributes
                0x00000180       0x10 c:/program files (x86)/microchip/xc32/v1.34/bin/bin/../../lib/gcc/pic32mx/4.5.2/../../../../pic32mx/lib/speed/mips16\libsupc++.a(si_class_type_info.o)
 .gnu.attributes
                0x00000190       0x10 c:/program files (x86)/microchip/xc32/v1.34/bin/bin/../../lib/gcc/pic32mx/4.5.2/../../../../pic32mx/lib/speed/mips16\libsupc++.a(tinfo.o)
 .gnu.attributes
                0x000001a0       0x10 c:/program files (x86)/microchip/xc32/v1.34/bin/bin/../../lib/gcc/pic32mx/4.5.2/../../../../pic32mx/lib/speed/mips16\libsupc++.a(class_type_info.o)
 .gnu.attributes
                0x000001b0       0x10 c:/program files (x86)/microchip/xc32/v1.34/bin/bin/../../lib/gcc/pic32mx/4.5.2/../../../../pic32mx/lib/speed/mips16\libxcpp.a(abort.o)
 .gnu.attributes
                0x000001c0       0x10 c:/program files (x86)/microchip/xc32/v1.34/bin/bin/../../lib/gcc/pic32mx/4.5.2/../../../../pic32mx/lib/speed/mips16\libxcpp.a(exit.o)
 .gnu.attributes
                0x000001d0       0x10 c:/program files (x86)/microchip/xc32/v1.34/bin/bin/../../lib/gcc/pic32mx/4.5.2/../../../../pic32mx/lib/speed/mips16\libxcpp.a(free.o)
 .gnu.attributes
                0x000001e0       0x10 c:/program files (x86)/microchip/xc32/v1.34/bin/bin/../../lib/gcc/pic32mx/4.5.2/../../../../pic32mx/lib/speed/mips16\libxcpp.a(malloc.o)
 .gnu.attributes
                0x000001f0       0x10 c:/program files (x86)/microchip/xc32/v1.34/bin/bin/../../lib/gcc/pic32mx/4.5.2/../../../../pic32mx/lib/speed/mips16\libxcpp.a(memcpy.o)
 .gnu.attributes
                0x00000200       0x10 c:/program files (x86)/microchip/xc32/v1.34/bin/bin/../../lib/gcc/pic32mx/4.5.2/../../../../pic32mx/lib/speed/mips16\libxcpp.a(memset.o)
 .gnu.attributes
                0x00000210       0x10 c:/program files (x86)/microchip/xc32/v1.34/bin/bin/../../lib/gcc/pic32mx/4.5.2/../../../../pic32mx/lib/speed/mips16\libxcpp.a(raise.o)
 .gnu.attributes
                0x00000220       0x10 c:/program files (x86)/microchip/xc32/v1.34/bin/bin/../../lib/gcc/pic32mx/4.5.2/../../../../pic32mx/lib/speed/mips16\libxcpp.a(strcmp.o)
 .gnu.attributes
                0x00000230       0x10 c:/program files (x86)/microchip/xc32/v1.34/bin/bin/../../lib/gcc/pic32mx/4.5.2/../../../../pic32mx/lib/speed/mips16\libxcpp.a(xexit.o)
 .gnu.attributes
                0x00000240       0x10 c:/program files (x86)/microchip/xc32/v1.34/bin/bin/../../lib/gcc/pic32mx/4.5.2/../../../../pic32mx/lib/speed/mips16\libxcpp.a(xgetmem.o)
 .gnu.attributes
                0x00000250       0x10 c:/program files (x86)/microchip/xc32/v1.34/bin/bin/../../lib/gcc/pic32mx/4.5.2/../../../../pic32mx/lib/speed/mips16\libmchp_peripheral_32MX120F032B.a(int_disable_interrupts_lib.o)
 .gnu.attributes
                0x00000260       0x10 c:/program files (x86)/microchip/xc32/v1.34/bin/bin/../../lib/gcc/pic32mx/4.5.2/../../../../pic32mx/lib/speed/mips16\libmchp_peripheral_32MX120F032B.a(int_restore_interrupts_lib.o)
 .gnu.attributes
                0x00000270       0x10 c:/program files (x86)/microchip/xc32/v1.34/bin/bin/../../lib/gcc/pic32mx/4.5.2/speed/mips16\libgcc.a(floatunsisf.o)
 .gnu.attributes
                0x00000280       0x10 c:/program files (x86)/microchip/xc32/v1.34/bin/bin/../../lib/gcc/pic32mx/4.5.2/speed/mips16\libgcc.a(unwind-sjlj.o)
 .gnu.attributes
                0x00000290       0x10 c:/program files (x86)/microchip/xc32/v1.34/bin/bin/../../lib/gcc/pic32mx/4.5.2/../../../../pic32mx/lib/speed/mips16\libpic32.a(sbrk.o)
 .gnu.attributes
                0x000002a0       0x10 c:/program files (x86)/microchip/xc32/v1.34/bin/bin/../../lib/gcc/pic32mx/4.5.2/../../../../pic32mx/lib/speed/mips16\libpic32.a(_exit.o)
 .gnu.attributes
                0x000002b0       0x10 c:/program files (x86)/microchip/xc32/v1.34/bin/bin/../../lib/gcc/pic32mx/4.5.2/../../../../pic32mx/lib/speed/mips16\libpic32.a(kill.o)
 .gnu.attributes
                0x000002c0       0x10 c:/program files (x86)/microchip/xc32/v1.34/bin/bin/../../lib/gcc/pic32mx/4.5.2/../../../../pic32mx/lib/speed/mips16\libpic32.a(getpid.o)
 .gnu.attributes
                0x000002d0       0x10 c:/program files (x86)/microchip/xc32/v1.34/bin/bin/../../lib/gcc/pic32mx/4.5.2/../../../../pic32mx/lib/speed/mips16\libpic32.a(errno.o)
LOAD c:/program files (x86)/microchip/xc32/v1.34/bin/bin/../../lib/gcc/pic32mx/4.5.2/speed/mips16\libgcc.a
START GROUP
LOAD c:/program files (x86)/microchip/xc32/v1.34/bin/bin/../../lib/gcc/pic32mx/4.5.2/../../../../pic32mx/lib/speed/mips16\libpic32.a
LOAD c:/program files (x86)/microchip/xc32/v1.34/bin/bin/../../lib/gcc/pic32mx/4.5.2/../../../../pic32mx/lib/speed/mips16\libdebug.a
LOAD c:/program files (x86)/microchip/xc32/v1.34/bin/bin/../../lib/gcc/pic32mx/4.5.2/../../../../pic32mx/lib/speed/mips16\libxcpp.a
LOAD c:/program files (x86)/microchip/xc32/v1.34/bin/bin/../../lib/gcc/pic32mx/4.5.2/../../../../pic32mx/lib/speed/mips16\libsupc++.a
LOAD c:/program files (x86)/microchip/xc32/v1.34/bin/bin/../../lib/gcc/pic32mx/4.5.2/../../../../pic32mx/lib/speed/mips16\libpic32.a
LOAD c:/program files (x86)/microchip/xc32/v1.34/bin/bin/../../lib/gcc/pic32mx/4.5.2/../../../../pic32mx/lib/speed/mips16\libm.a
LOAD c:/program files (x86)/microchip/xc32/v1.34/bin/bin/../../lib/gcc/pic32mx/4.5.2/../../../../pic32mx/lib/speed/mips16\libe.a
LOAD c:/program files (x86)/microchip/xc32/v1.34/bin/bin/../../lib/gcc/pic32mx/4.5.2/../../../../pic32mx/lib/speed/mips16\libdsp.a
LOAD c:/program files (x86)/microchip/xc32/v1.34/bin/bin/../../lib/gcc/pic32mx/4.5.2/speed/mips16\libgcc.a
LOAD c:/program files (x86)/microchip/xc32/v1.34/bin/bin/../../lib/gcc/pic32mx/4.5.2/../../../../pic32mx/lib/speed/mips16\libpic32.a
END GROUP
LOAD c:/program files (x86)/microchip/xc32/v1.34/bin/bin/../../lib/gcc/pic32mx/4.5.2/speed/mips16\libgcc.a
OUTPUT(dist/default/debug/MotorDriverH27.X.debug.elf elf32-tradlittlemips)
LOAD stack
LOAD data_init

.reginfo        0x00000000       0x18
 .reginfo       0x00000000       0x18 build/default/debug/module/uart.o

.stack          0xa00005c8      0x400
 .stack         0xa00005c8      0x400 stack

.bss            0xa0000264      0x140
 .bss           0xa0000264      0x140 c:/program files (x86)/microchip/xc32/v1.34/bin/bin/../../lib/gcc/pic32mx/4.5.2/../../../../pic32mx/lib/speed/mips16\libxcpp.a(exit.o)

.data           0xa00003a4        0x4
 .data          0xa00003a4        0x4 c:/program files (x86)/microchip/xc32/v1.34/bin/bin/../../lib/gcc/pic32mx/4.5.2/../../../../pic32mx/lib/speed/mips16\libxcpp.a(exit.o)

.bss            0xa00003a8        0x4
 .bss           0xa00003a8        0x4 c:/program files (x86)/microchip/xc32/v1.34/bin/bin/../../lib/gcc/pic32mx/4.5.2/speed/mips16\libgcc.a(unwind-sjlj.o)

.text           0x9d000d74      0xcb4
 .text          0x9d000d74      0x9f4 build/default/debug/module/pwm.o
                0x9d000d74                module::PWM::~PWM()
                0x9d000d74                module::PWM::~PWM()
                0x9d000d84                module::PWM12::DtRaw(module::PWM::EnumDirection, tmath::Q16)
                0x9d000e78                module::PWM34::DtRaw(module::PWM::EnumDirection, tmath::Q16)
                0x9d000f6c                module::PWM34::~PWM34()
                0x9d000f6c                module::PWM34::~PWM34()
                0x9d001030                module::PWM12::~PWM12()
                0x9d001030                module::PWM12::~PWM12()
                0x9d0010f4                module::PWM34::~PWM34()
                0x9d001120                module::PWM12::~PWM12()
                0x9d00114c                module::PWM::~PWM()
                0x9d001170                module::PWM::PWM()
                0x9d001170                module::PWM::PWM()
                0x9d0011e8                module::PWM::PWM(module::PWM const&)
                0x9d0011e8                module::PWM::PWM(module::PWM const&)